
===========================================================================
report_checks -unconstrained
===========================================================================
======================= Fastest Corner ===================================

Startpoint: mplier[7] (input port clocked by clk)
Endpoint: product[58] (output port clocked by clk)
Path Group: clk
Path Type: max
Corner: Fastest

Fanout     Cap    Slew   Delay    Time   Description
-----------------------------------------------------------------------------
                  0.00    0.00    0.00   clock clk (rise edge)
                          0.00    0.00   clock network delay (ideal)
                          4.00    4.00 ^ input external delay
                  0.02    0.01    4.01 ^ mplier[7] (in)
     1    0.00                           mplier[7] (net)
                  0.02    0.00    4.01 ^ input62/A (sky130_fd_sc_hd__buf_4)
                  0.22    0.20    4.21 ^ input62/X (sky130_fd_sc_hd__buf_4)
     5    0.11                           net62 (net)
                  0.23    0.03    4.23 ^ _05856_/A (sky130_fd_sc_hd__clkbuf_4)
                  0.12    0.20    4.44 ^ _05856_/X (sky130_fd_sc_hd__clkbuf_4)
    10    0.05                           _02000_ (net)
                  0.12    0.00    4.44 ^ _06106_/A (sky130_fd_sc_hd__buf_6)
                  0.14    0.16    4.60 ^ _06106_/X (sky130_fd_sc_hd__buf_6)
    10    0.09                           _04726_ (net)
                  0.14    0.01    4.61 ^ _06107_/A (sky130_fd_sc_hd__buf_4)
                  0.21    0.23    4.84 ^ _06107_/X (sky130_fd_sc_hd__buf_4)
    10    0.10                           _04737_ (net)
                  0.21    0.00    4.84 ^ _06108_/A (sky130_fd_sc_hd__buf_6)
                  0.15    0.18    5.01 ^ _06108_/X (sky130_fd_sc_hd__buf_6)
    10    0.10                           _04748_ (net)
                  0.15    0.00    5.02 ^ _08342_/A (sky130_fd_sc_hd__nand2_1)
                  0.06    0.06    5.08 v _08342_/Y (sky130_fd_sc_hd__nand2_1)
     1    0.01                           _01904_ (net)
                  0.06    0.00    5.08 v _08343_/B (sky130_fd_sc_hd__xor2_2)
                  0.05    0.12    5.21 v _08343_/X (sky130_fd_sc_hd__xor2_2)
     2    0.01                           _01905_ (net)
                  0.05    0.00    5.21 v _08482_/A1 (sky130_fd_sc_hd__a21oi_1)
                  0.11    0.12    5.33 ^ _08482_/Y (sky130_fd_sc_hd__a21oi_1)
     2    0.01                           _02056_ (net)
                  0.11    0.00    5.33 ^ _08496_/A_N (sky130_fd_sc_hd__and3b_1)
                  0.06    0.16    5.49 v _08496_/X (sky130_fd_sc_hd__and3b_1)
     3    0.01                           _02071_ (net)
                  0.06    0.00    5.49 v _08498_/B1 (sky130_fd_sc_hd__a211oi_2)
                  0.21    0.17    5.65 ^ _08498_/Y (sky130_fd_sc_hd__a211oi_2)
     2    0.01                           _02073_ (net)
                  0.21    0.00    5.66 ^ _08499_/A (sky130_fd_sc_hd__inv_2)
                  0.05    0.03    5.69 v _08499_/Y (sky130_fd_sc_hd__inv_2)
     2    0.01                           _02074_ (net)
                  0.05    0.00    5.69 v _08501_/B1 (sky130_fd_sc_hd__o211a_1)
                  0.07    0.13    5.82 v _08501_/X (sky130_fd_sc_hd__o211a_1)
     3    0.02                           _02077_ (net)
                  0.07    0.00    5.82 v _08504_/A1 (sky130_fd_sc_hd__o21a_1)
                  0.09    0.20    6.02 v _08504_/X (sky130_fd_sc_hd__o21a_1)
     2    0.02                           _02080_ (net)
                  0.09    0.00    6.02 v _08506_/A2 (sky130_fd_sc_hd__o211a_1)
                  0.08    0.21    6.23 v _08506_/X (sky130_fd_sc_hd__o211a_1)
     2    0.02                           _02082_ (net)
                  0.08    0.00    6.23 v _08508_/A2 (sky130_fd_sc_hd__o21a_1)
                  0.05    0.15    6.38 v _08508_/X (sky130_fd_sc_hd__o21a_1)
     3    0.01                           _02084_ (net)
                  0.05    0.00    6.38 v _08624_/B (sky130_fd_sc_hd__or4bb_4)
                  0.07    0.34    6.72 v _08624_/X (sky130_fd_sc_hd__or4bb_4)
     2    0.01                           _02212_ (net)
                  0.07    0.00    6.72 v _08627_/A1 (sky130_fd_sc_hd__a211o_4)
                  0.05    0.25    6.97 v _08627_/X (sky130_fd_sc_hd__a211o_4)
     3    0.02                           _02215_ (net)
                  0.05    0.00    6.97 v _08629_/A2 (sky130_fd_sc_hd__a21o_1)
                  0.06    0.16    7.13 v _08629_/X (sky130_fd_sc_hd__a21o_1)
     2    0.01                           _02217_ (net)
                  0.06    0.00    7.13 v _08630_/C1 (sky130_fd_sc_hd__o211a_1)
                  0.06    0.11    7.24 v _08630_/X (sky130_fd_sc_hd__o211a_1)
     3    0.01                           _02218_ (net)
                  0.06    0.00    7.24 v _08632_/B (sky130_fd_sc_hd__or3_4)
                  0.05    0.25    7.49 v _08632_/X (sky130_fd_sc_hd__or3_4)
     3    0.01                           _02221_ (net)
                  0.05    0.00    7.49 v _08635_/A1 (sky130_fd_sc_hd__a21o_1)
                  0.06    0.15    7.64 v _08635_/X (sky130_fd_sc_hd__a21o_1)
     3    0.02                           _02224_ (net)
                  0.06    0.00    7.64 v _08789_/A1 (sky130_fd_sc_hd__a2111oi_4)
                  0.20    0.23    7.87 ^ _08789_/Y (sky130_fd_sc_hd__a2111oi_4)
     1    0.01                           _02392_ (net)
                  0.20    0.00    7.87 ^ wire1/A (sky130_fd_sc_hd__clkbuf_1)
                  0.07    0.09    7.97 ^ wire1/X (sky130_fd_sc_hd__clkbuf_1)
     1    0.01                           net193 (net)
                  0.07    0.00    7.97 ^ wire130/A (sky130_fd_sc_hd__clkbuf_2)
                  0.05    0.10    8.06 ^ wire130/X (sky130_fd_sc_hd__clkbuf_2)
     3    0.01                           net130 (net)
                  0.05    0.00    8.06 ^ _08791_/C (sky130_fd_sc_hd__and3_1)
                  0.06    0.12    8.18 ^ _08791_/X (sky130_fd_sc_hd__and3_1)
     1    0.01                           _02395_ (net)
                  0.06    0.00    8.18 ^ _08796_/B1 (sky130_fd_sc_hd__a211o_4)
                  0.21    0.19    8.37 ^ _08796_/X (sky130_fd_sc_hd__a211o_4)
     6    0.10                           _02400_ (net)
                  0.22    0.03    8.40 ^ _10762_/D_N (sky130_fd_sc_hd__or4b_4)
                  0.08    0.33    8.73 v _10762_/X (sky130_fd_sc_hd__or4b_4)
     3    0.02                           _04544_ (net)
                  0.08    0.00    8.73 v _11278_/A1 (sky130_fd_sc_hd__a2111o_1)
                  0.07    0.27    9.00 v _11278_/X (sky130_fd_sc_hd__a2111o_1)
     3    0.01                           _05103_ (net)
                  0.07    0.00    9.00 v _11282_/A (sky130_fd_sc_hd__and2_2)
                  0.05    0.15    9.15 v _11282_/X (sky130_fd_sc_hd__and2_2)
     2    0.02                           _05108_ (net)
                  0.05    0.00    9.15 v _11360_/A1 (sky130_fd_sc_hd__o21a_2)
                  0.05    0.17    9.33 v _11360_/X (sky130_fd_sc_hd__o21a_2)
     2    0.02                           _05191_ (net)
                  0.05    0.00    9.33 v _11361_/B (sky130_fd_sc_hd__xor2_4)
                  0.46    0.40    9.73 ^ _11361_/X (sky130_fd_sc_hd__xor2_4)
     3    0.09                           net118 (net)
                  0.46    0.01    9.73 ^ output118/A (sky130_fd_sc_hd__clkbuf_4)
                  0.09    0.20    9.93 ^ output118/X (sky130_fd_sc_hd__clkbuf_4)
     1    0.03                           product[58] (net)
                  0.09    0.00    9.93 ^ product[58] (out)
                                  9.93   data arrival time

                  0.00   20.00   20.00   clock clk (rise edge)
                          0.00   20.00   clock network delay (ideal)
                         -0.25   19.75   clock uncertainty
                          0.00   19.75   clock reconvergence pessimism
                         -4.00   15.75   output external delay
                                 15.75   data required time
-----------------------------------------------------------------------------
                                 15.75   data required time
                                 -9.93   data arrival time
-----------------------------------------------------------------------------
                                  5.82   slack (MET)



======================= Slowest Corner ===================================

Startpoint: mplier[4] (input port clocked by clk)
Endpoint: product[58] (output port clocked by clk)
Path Group: clk
Path Type: max
Corner: Slowest

Fanout     Cap    Slew   Delay    Time   Description
-----------------------------------------------------------------------------
                  0.00    0.00    0.00   clock clk (rise edge)
                          0.00    0.00   clock network delay (ideal)
                          4.00    4.00 ^ input external delay
                  0.03    0.01    4.01 ^ mplier[4] (in)
     1    0.00                           mplier[4] (net)
                  0.03    0.00    4.01 ^ input59/A (sky130_fd_sc_hd__buf_2)
                  0.44    0.47    4.48 ^ input59/X (sky130_fd_sc_hd__buf_2)
     3    0.06                           net59 (net)
                  0.44    0.01    4.49 ^ _05751_/A (sky130_fd_sc_hd__clkbuf_4)
                  0.23    0.56    5.05 ^ _05751_/X (sky130_fd_sc_hd__clkbuf_4)
    10    0.05                           _00854_ (net)
                  0.23    0.00    5.05 ^ _05809_/A (sky130_fd_sc_hd__buf_4)
                  0.31    0.49    5.54 ^ _05809_/X (sky130_fd_sc_hd__buf_4)
    10    0.07                           _01486_ (net)
                  0.31    0.00    5.54 ^ _08150_/B (sky130_fd_sc_hd__nand4_1)
                  0.28    0.39    5.93 v _08150_/Y (sky130_fd_sc_hd__nand4_1)
     2    0.01                           _01693_ (net)
                  0.28    0.00    5.93 v _08152_/D (sky130_fd_sc_hd__and4_1)
                  0.23    0.70    6.62 v _08152_/X (sky130_fd_sc_hd__and4_1)
     3    0.02                           _01696_ (net)
                  0.23    0.00    6.62 v _08154_/A2 (sky130_fd_sc_hd__o211ai_1)
                  0.22    0.33    6.95 ^ _08154_/Y (sky130_fd_sc_hd__o211ai_1)
     1    0.00                           _01698_ (net)
                  0.22    0.00    6.95 ^ _08155_/B (sky130_fd_sc_hd__and2_1)
                  0.20    0.40    7.35 ^ _08155_/X (sky130_fd_sc_hd__and2_1)
     2    0.01                           _01699_ (net)
                  0.20    0.00    7.35 ^ _08310_/B_N (sky130_fd_sc_hd__or2b_2)
                  0.17    0.84    8.19 v _08310_/X (sky130_fd_sc_hd__or2b_2)
     2    0.01                           _01868_ (net)
                  0.17    0.00    8.19 v _08324_/A2 (sky130_fd_sc_hd__a211oi_4)
                  0.49    0.64    8.84 ^ _08324_/Y (sky130_fd_sc_hd__a211oi_4)
     3    0.02                           _01884_ (net)
                  0.49    0.00    8.84 ^ _08325_/A (sky130_fd_sc_hd__inv_2)
                  0.15    0.27    9.11 v _08325_/Y (sky130_fd_sc_hd__inv_2)
     2    0.02                           _01885_ (net)
                  0.15    0.00    9.11 v _08328_/A1 (sky130_fd_sc_hd__a211oi_4)
                  0.76    0.81    9.92 ^ _08328_/Y (sky130_fd_sc_hd__a211oi_4)
     2    0.04                           _01888_ (net)
                  0.76    0.00    9.92 ^ _08329_/C (sky130_fd_sc_hd__nor3_1)
                  0.17    0.32   10.24 v _08329_/Y (sky130_fd_sc_hd__nor3_1)
     2    0.01                           _01889_ (net)
                  0.17    0.00   10.24 v max_cap143/A (sky130_fd_sc_hd__buf_1)
                  0.13    0.28   10.52 v max_cap143/X (sky130_fd_sc_hd__buf_1)
     2    0.01                           net143 (net)
                  0.13    0.00   10.52 v _08332_/A1 (sky130_fd_sc_hd__o211a_1)
                  0.12    0.50   11.03 v _08332_/X (sky130_fd_sc_hd__o211a_1)
     2    0.01                           _01893_ (net)
                  0.12    0.00   11.03 v _08334_/A2 (sky130_fd_sc_hd__o211a_1)
                  0.16    0.52   11.55 v _08334_/X (sky130_fd_sc_hd__o211a_1)
     3    0.01                           _01895_ (net)
                  0.16    0.00   11.55 v _08460_/B (sky130_fd_sc_hd__nor4_1)
                  0.80    0.84   12.39 ^ _08460_/Y (sky130_fd_sc_hd__nor4_1)
     2    0.01                           _02031_ (net)
                  0.80    0.00   12.39 ^ max_cap133/A (sky130_fd_sc_hd__clkbuf_1)
                  0.13    0.42   12.80 ^ max_cap133/X (sky130_fd_sc_hd__clkbuf_1)
     1    0.01                           net133 (net)
                  0.13    0.00   12.80 ^ _08626_/A2 (sky130_fd_sc_hd__o211ai_2)
                  0.25    0.30   13.10 v _08626_/Y (sky130_fd_sc_hd__o211ai_2)
     3    0.01                           _02214_ (net)
                  0.25    0.00   13.10 v _08629_/A1 (sky130_fd_sc_hd__a21o_1)
                  0.15    0.48   13.58 v _08629_/X (sky130_fd_sc_hd__a21o_1)
     2    0.01                           _02217_ (net)
                  0.15    0.00   13.58 v _08630_/C1 (sky130_fd_sc_hd__o211a_1)
                  0.17    0.35   13.93 v _08630_/X (sky130_fd_sc_hd__o211a_1)
     3    0.01                           _02218_ (net)
                  0.17    0.00   13.93 v _08632_/B (sky130_fd_sc_hd__or3_4)
                  0.14    0.82   14.75 v _08632_/X (sky130_fd_sc_hd__or3_4)
     3    0.01                           _02221_ (net)
                  0.14    0.00   14.75 v _08635_/A1 (sky130_fd_sc_hd__a21o_1)
                  0.17    0.44   15.19 v _08635_/X (sky130_fd_sc_hd__a21o_1)
     3    0.02                           _02224_ (net)
                  0.17    0.00   15.19 v _08789_/A1 (sky130_fd_sc_hd__a2111oi_4)
                  0.44    0.60   15.79 ^ _08789_/Y (sky130_fd_sc_hd__a2111oi_4)
     1    0.01                           _02392_ (net)
                  0.44    0.00   15.79 ^ wire1/A (sky130_fd_sc_hd__clkbuf_1)
                  0.16    0.35   16.14 ^ wire1/X (sky130_fd_sc_hd__clkbuf_1)
     1    0.01                           net193 (net)
                  0.16    0.00   16.14 ^ wire130/A (sky130_fd_sc_hd__clkbuf_2)
                  0.11    0.27   16.41 ^ wire130/X (sky130_fd_sc_hd__clkbuf_2)
     3    0.01                           net130 (net)
                  0.11    0.00   16.41 ^ _08790_/A (sky130_fd_sc_hd__and2_4)
                  0.07    0.30   16.72 ^ _08790_/X (sky130_fd_sc_hd__and2_4)
     1    0.01                           _02393_ (net)
                  0.07    0.00   16.72 ^ _08796_/A2 (sky130_fd_sc_hd__a211o_4)
                  0.39    0.51   17.23 ^ _08796_/X (sky130_fd_sc_hd__a211o_4)
     6    0.10                           _02400_ (net)
                  0.39    0.03   17.26 ^ _10762_/D_N (sky130_fd_sc_hd__or4b_4)
                  0.21    1.19   18.45 v _10762_/X (sky130_fd_sc_hd__or4b_4)
     3    0.02                           _04544_ (net)
                  0.21    0.00   18.45 v _11278_/A1 (sky130_fd_sc_hd__a2111o_1)
                  0.17    0.88   19.34 v _11278_/X (sky130_fd_sc_hd__a2111o_1)
     3    0.01                           _05103_ (net)
                  0.17    0.00   19.34 v _11282_/A (sky130_fd_sc_hd__and2_2)
                  0.14    0.51   19.84 v _11282_/X (sky130_fd_sc_hd__and2_2)
     2    0.02                           _05108_ (net)
                  0.14    0.00   19.85 v _11360_/A1 (sky130_fd_sc_hd__o21a_2)
                  0.13    0.52   20.37 v _11360_/X (sky130_fd_sc_hd__o21a_2)
     2    0.02                           _05191_ (net)
                  0.13    0.00   20.37 v _11361_/B (sky130_fd_sc_hd__xor2_4)
                  0.95    0.88   21.25 ^ _11361_/X (sky130_fd_sc_hd__xor2_4)
     3    0.09                           net118 (net)
                  0.95    0.01   21.25 ^ output118/A (sky130_fd_sc_hd__clkbuf_4)
                  0.19    0.71   21.96 ^ output118/X (sky130_fd_sc_hd__clkbuf_4)
     1    0.03                           product[58] (net)
                  0.19    0.00   21.96 ^ product[58] (out)
                                 21.96   data arrival time

                  0.00   20.00   20.00   clock clk (rise edge)
                          0.00   20.00   clock network delay (ideal)
                         -0.25   19.75   clock uncertainty
                          0.00   19.75   clock reconvergence pessimism
                         -4.00   15.75   output external delay
                                 15.75   data required time
-----------------------------------------------------------------------------
                                 15.75   data required time
                                -21.96   data arrival time
-----------------------------------------------------------------------------
                                 -6.21   slack (VIOLATED)



======================= Typical Corner ===================================

Startpoint: mplier[7] (input port clocked by clk)
Endpoint: product[58] (output port clocked by clk)
Path Group: clk
Path Type: max
Corner: Typical

Fanout     Cap    Slew   Delay    Time   Description
-----------------------------------------------------------------------------
                  0.00    0.00    0.00   clock clk (rise edge)
                          0.00    0.00   clock network delay (ideal)
                          4.00    4.00 ^ input external delay
                  0.02    0.01    4.01 ^ mplier[7] (in)
     1    0.00                           mplier[7] (net)
                  0.02    0.00    4.01 ^ input62/A (sky130_fd_sc_hd__buf_4)
                  0.30    0.28    4.30 ^ input62/X (sky130_fd_sc_hd__buf_4)
     5    0.11                           net62 (net)
                  0.30    0.03    4.32 ^ _05856_/A (sky130_fd_sc_hd__clkbuf_4)
                  0.16    0.32    4.64 ^ _05856_/X (sky130_fd_sc_hd__clkbuf_4)
    10    0.05                           _02000_ (net)
                  0.16    0.00    4.64 ^ _06106_/A (sky130_fd_sc_hd__buf_6)
                  0.18    0.24    4.89 ^ _06106_/X (sky130_fd_sc_hd__buf_6)
    10    0.09                           _04726_ (net)
                  0.18    0.01    4.89 ^ _06107_/A (sky130_fd_sc_hd__buf_4)
                  0.27    0.34    5.23 ^ _06107_/X (sky130_fd_sc_hd__buf_4)
    10    0.10                           _04737_ (net)
                  0.27    0.00    5.23 ^ _06108_/A (sky130_fd_sc_hd__buf_6)
                  0.20    0.28    5.51 ^ _06108_/X (sky130_fd_sc_hd__buf_6)
    10    0.10                           _04748_ (net)
                  0.20    0.00    5.51 ^ _08342_/A (sky130_fd_sc_hd__nand2_1)
                  0.09    0.12    5.64 v _08342_/Y (sky130_fd_sc_hd__nand2_1)
     1    0.01                           _01904_ (net)
                  0.09    0.00    5.64 v _08343_/B (sky130_fd_sc_hd__xor2_2)
                  0.08    0.19    5.83 v _08343_/X (sky130_fd_sc_hd__xor2_2)
     2    0.01                           _01905_ (net)
                  0.08    0.00    5.83 v _08482_/A1 (sky130_fd_sc_hd__a21oi_1)
                  0.15    0.18    6.01 ^ _08482_/Y (sky130_fd_sc_hd__a21oi_1)
     2    0.01                           _02056_ (net)
                  0.15    0.00    6.01 ^ _08496_/A_N (sky130_fd_sc_hd__and3b_1)
                  0.08    0.26    6.27 v _08496_/X (sky130_fd_sc_hd__and3b_1)
     3    0.01                           _02071_ (net)
                  0.08    0.00    6.27 v _08498_/B1 (sky130_fd_sc_hd__a211oi_2)
                  0.28    0.32    6.59 ^ _08498_/Y (sky130_fd_sc_hd__a211oi_2)
     2    0.01                           _02073_ (net)
                  0.28    0.00    6.59 ^ _08499_/A (sky130_fd_sc_hd__inv_2)
                  0.07    0.09    6.68 v _08499_/Y (sky130_fd_sc_hd__inv_2)
     2    0.01                           _02074_ (net)
                  0.07    0.00    6.68 v _08502_/A1 (sky130_fd_sc_hd__a211oi_2)
                  0.35    0.36    7.03 ^ _08502_/Y (sky130_fd_sc_hd__a211oi_2)
     2    0.02                           _02078_ (net)
                  0.35    0.00    7.03 ^ _08504_/A2 (sky130_fd_sc_hd__o21a_1)
                  0.24    0.31    7.35 ^ _08504_/X (sky130_fd_sc_hd__o21a_1)
     2    0.02                           _02080_ (net)
                  0.24    0.00    7.35 ^ _08506_/A2 (sky130_fd_sc_hd__o211a_1)
                  0.18    0.29    7.64 ^ _08506_/X (sky130_fd_sc_hd__o211a_1)
     2    0.02                           _02082_ (net)
                  0.18    0.00    7.64 ^ _08507_/C (sky130_fd_sc_hd__nor3_2)
                  0.09    0.09    7.73 v _08507_/Y (sky130_fd_sc_hd__nor3_2)
     4    0.01                           _02083_ (net)
                  0.09    0.00    7.73 v _08624_/A (sky130_fd_sc_hd__or4bb_4)
                  0.10    0.60    8.33 v _08624_/X (sky130_fd_sc_hd__or4bb_4)
     2    0.01                           _02212_ (net)
                  0.10    0.00    8.33 v _08627_/A1 (sky130_fd_sc_hd__a211o_4)
                  0.07    0.39    8.73 v _08627_/X (sky130_fd_sc_hd__a211o_4)
     3    0.02                           _02215_ (net)
                  0.07    0.00    8.73 v _08629_/A2 (sky130_fd_sc_hd__a21o_1)
                  0.08    0.24    8.97 v _08629_/X (sky130_fd_sc_hd__a21o_1)
     2    0.01                           _02217_ (net)
                  0.08    0.00    8.97 v _08630_/C1 (sky130_fd_sc_hd__o211a_1)
                  0.09    0.18    9.15 v _08630_/X (sky130_fd_sc_hd__o211a_1)
     3    0.01                           _02218_ (net)
                  0.09    0.00    9.15 v _08632_/B (sky130_fd_sc_hd__or3_4)
                  0.08    0.41    9.56 v _08632_/X (sky130_fd_sc_hd__or3_4)
     3    0.01                           _02221_ (net)
                  0.08    0.00    9.56 v _08635_/A1 (sky130_fd_sc_hd__a21o_1)
                  0.09    0.23    9.79 v _08635_/X (sky130_fd_sc_hd__a21o_1)
     3    0.02                           _02224_ (net)
                  0.09    0.00    9.79 v _08789_/A1 (sky130_fd_sc_hd__a2111oi_4)
                  0.28    0.34   10.13 ^ _08789_/Y (sky130_fd_sc_hd__a2111oi_4)
     1    0.01                           _02392_ (net)
                  0.28    0.00   10.13 ^ wire1/A (sky130_fd_sc_hd__clkbuf_1)
                  0.10    0.17   10.30 ^ wire1/X (sky130_fd_sc_hd__clkbuf_1)
     1    0.01                           net193 (net)
                  0.10    0.00   10.30 ^ wire130/A (sky130_fd_sc_hd__clkbuf_2)
                  0.07    0.15   10.45 ^ wire130/X (sky130_fd_sc_hd__clkbuf_2)
     3    0.01                           net130 (net)
                  0.07    0.00   10.45 ^ _08791_/C (sky130_fd_sc_hd__and3_1)
                  0.08    0.19   10.64 ^ _08791_/X (sky130_fd_sc_hd__and3_1)
     1    0.01                           _02395_ (net)
                  0.08    0.00   10.64 ^ _08796_/B1 (sky130_fd_sc_hd__a211o_4)
                  0.28    0.27   10.91 ^ _08796_/X (sky130_fd_sc_hd__a211o_4)
     6    0.10                           _02400_ (net)
                  0.28    0.03   10.94 ^ _10762_/D_N (sky130_fd_sc_hd__or4b_4)
                  0.11    0.58   11.52 v _10762_/X (sky130_fd_sc_hd__or4b_4)
     3    0.02                           _04544_ (net)
                  0.11    0.00   11.53 v _11278_/A1 (sky130_fd_sc_hd__a2111o_1)
                  0.09    0.45   11.97 v _11278_/X (sky130_fd_sc_hd__a2111o_1)
     3    0.01                           _05103_ (net)
                  0.09    0.00   11.97 v _11282_/A (sky130_fd_sc_hd__and2_2)
                  0.07    0.24   12.21 v _11282_/X (sky130_fd_sc_hd__and2_2)
     2    0.02                           _05108_ (net)
                  0.07    0.00   12.21 v _11360_/A1 (sky130_fd_sc_hd__o21a_2)
                  0.07    0.27   12.48 v _11360_/X (sky130_fd_sc_hd__o21a_2)
     2    0.02                           _05191_ (net)
                  0.07    0.00   12.48 v _11361_/B (sky130_fd_sc_hd__xor2_4)
                  0.61    0.55   13.03 ^ _11361_/X (sky130_fd_sc_hd__xor2_4)
     3    0.09                           net118 (net)
                  0.61    0.01   13.04 ^ output118/A (sky130_fd_sc_hd__clkbuf_4)
                  0.12    0.35   13.39 ^ output118/X (sky130_fd_sc_hd__clkbuf_4)
     1    0.03                           product[58] (net)
                  0.12    0.00   13.39 ^ product[58] (out)
                                 13.39   data arrival time

                  0.00   20.00   20.00   clock clk (rise edge)
                          0.00   20.00   clock network delay (ideal)
                         -0.25   19.75   clock uncertainty
                          0.00   19.75   clock reconvergence pessimism
                         -4.00   15.75   output external delay
                                 15.75   data required time
-----------------------------------------------------------------------------
                                 15.75   data required time
                                -13.39   data arrival time
-----------------------------------------------------------------------------
                                  2.36   slack (MET)




===========================================================================
report_checks --slack_max -0.01
============================================================================
======================= Fastest Corner ===================================

No paths found.

======================= Slowest Corner ===================================

Startpoint: mplier[4] (input port clocked by clk)
Endpoint: product[58] (output port clocked by clk)
Path Group: clk
Path Type: max
Corner: Slowest

Fanout     Cap    Slew   Delay    Time   Description
-----------------------------------------------------------------------------
                  0.00    0.00    0.00   clock clk (rise edge)
                          0.00    0.00   clock network delay (ideal)
                          4.00    4.00 ^ input external delay
                  0.03    0.01    4.01 ^ mplier[4] (in)
     1    0.00                           mplier[4] (net)
                  0.03    0.00    4.01 ^ input59/A (sky130_fd_sc_hd__buf_2)
                  0.44    0.47    4.48 ^ input59/X (sky130_fd_sc_hd__buf_2)
     3    0.06                           net59 (net)
                  0.44    0.01    4.49 ^ _05751_/A (sky130_fd_sc_hd__clkbuf_4)
                  0.23    0.56    5.05 ^ _05751_/X (sky130_fd_sc_hd__clkbuf_4)
    10    0.05                           _00854_ (net)
                  0.23    0.00    5.05 ^ _05809_/A (sky130_fd_sc_hd__buf_4)
                  0.31    0.49    5.54 ^ _05809_/X (sky130_fd_sc_hd__buf_4)
    10    0.07                           _01486_ (net)
                  0.31    0.00    5.54 ^ _08150_/B (sky130_fd_sc_hd__nand4_1)
                  0.28    0.39    5.93 v _08150_/Y (sky130_fd_sc_hd__nand4_1)
     2    0.01                           _01693_ (net)
                  0.28    0.00    5.93 v _08152_/D (sky130_fd_sc_hd__and4_1)
                  0.23    0.70    6.62 v _08152_/X (sky130_fd_sc_hd__and4_1)
     3    0.02                           _01696_ (net)
                  0.23    0.00    6.62 v _08154_/A2 (sky130_fd_sc_hd__o211ai_1)
                  0.22    0.33    6.95 ^ _08154_/Y (sky130_fd_sc_hd__o211ai_1)
     1    0.00                           _01698_ (net)
                  0.22    0.00    6.95 ^ _08155_/B (sky130_fd_sc_hd__and2_1)
                  0.20    0.40    7.35 ^ _08155_/X (sky130_fd_sc_hd__and2_1)
     2    0.01                           _01699_ (net)
                  0.20    0.00    7.35 ^ _08310_/B_N (sky130_fd_sc_hd__or2b_2)
                  0.17    0.84    8.19 v _08310_/X (sky130_fd_sc_hd__or2b_2)
     2    0.01                           _01868_ (net)
                  0.17    0.00    8.19 v _08324_/A2 (sky130_fd_sc_hd__a211oi_4)
                  0.49    0.64    8.84 ^ _08324_/Y (sky130_fd_sc_hd__a211oi_4)
     3    0.02                           _01884_ (net)
                  0.49    0.00    8.84 ^ _08325_/A (sky130_fd_sc_hd__inv_2)
                  0.15    0.27    9.11 v _08325_/Y (sky130_fd_sc_hd__inv_2)
     2    0.02                           _01885_ (net)
                  0.15    0.00    9.11 v _08328_/A1 (sky130_fd_sc_hd__a211oi_4)
                  0.76    0.81    9.92 ^ _08328_/Y (sky130_fd_sc_hd__a211oi_4)
     2    0.04                           _01888_ (net)
                  0.76    0.00    9.92 ^ _08329_/C (sky130_fd_sc_hd__nor3_1)
                  0.17    0.32   10.24 v _08329_/Y (sky130_fd_sc_hd__nor3_1)
     2    0.01                           _01889_ (net)
                  0.17    0.00   10.24 v max_cap143/A (sky130_fd_sc_hd__buf_1)
                  0.13    0.28   10.52 v max_cap143/X (sky130_fd_sc_hd__buf_1)
     2    0.01                           net143 (net)
                  0.13    0.00   10.52 v _08332_/A1 (sky130_fd_sc_hd__o211a_1)
                  0.12    0.50   11.03 v _08332_/X (sky130_fd_sc_hd__o211a_1)
     2    0.01                           _01893_ (net)
                  0.12    0.00   11.03 v _08334_/A2 (sky130_fd_sc_hd__o211a_1)
                  0.16    0.52   11.55 v _08334_/X (sky130_fd_sc_hd__o211a_1)
     3    0.01                           _01895_ (net)
                  0.16    0.00   11.55 v _08460_/B (sky130_fd_sc_hd__nor4_1)
                  0.80    0.84   12.39 ^ _08460_/Y (sky130_fd_sc_hd__nor4_1)
     2    0.01                           _02031_ (net)
                  0.80    0.00   12.39 ^ max_cap133/A (sky130_fd_sc_hd__clkbuf_1)
                  0.13    0.42   12.80 ^ max_cap133/X (sky130_fd_sc_hd__clkbuf_1)
     1    0.01                           net133 (net)
                  0.13    0.00   12.80 ^ _08626_/A2 (sky130_fd_sc_hd__o211ai_2)
                  0.25    0.30   13.10 v _08626_/Y (sky130_fd_sc_hd__o211ai_2)
     3    0.01                           _02214_ (net)
                  0.25    0.00   13.10 v _08629_/A1 (sky130_fd_sc_hd__a21o_1)
                  0.15    0.48   13.58 v _08629_/X (sky130_fd_sc_hd__a21o_1)
     2    0.01                           _02217_ (net)
                  0.15    0.00   13.58 v _08630_/C1 (sky130_fd_sc_hd__o211a_1)
                  0.17    0.35   13.93 v _08630_/X (sky130_fd_sc_hd__o211a_1)
     3    0.01                           _02218_ (net)
                  0.17    0.00   13.93 v _08632_/B (sky130_fd_sc_hd__or3_4)
                  0.14    0.82   14.75 v _08632_/X (sky130_fd_sc_hd__or3_4)
     3    0.01                           _02221_ (net)
                  0.14    0.00   14.75 v _08635_/A1 (sky130_fd_sc_hd__a21o_1)
                  0.17    0.44   15.19 v _08635_/X (sky130_fd_sc_hd__a21o_1)
     3    0.02                           _02224_ (net)
                  0.17    0.00   15.19 v _08789_/A1 (sky130_fd_sc_hd__a2111oi_4)
                  0.44    0.60   15.79 ^ _08789_/Y (sky130_fd_sc_hd__a2111oi_4)
     1    0.01                           _02392_ (net)
                  0.44    0.00   15.79 ^ wire1/A (sky130_fd_sc_hd__clkbuf_1)
                  0.16    0.35   16.14 ^ wire1/X (sky130_fd_sc_hd__clkbuf_1)
     1    0.01                           net193 (net)
                  0.16    0.00   16.14 ^ wire130/A (sky130_fd_sc_hd__clkbuf_2)
                  0.11    0.27   16.41 ^ wire130/X (sky130_fd_sc_hd__clkbuf_2)
     3    0.01                           net130 (net)
                  0.11    0.00   16.41 ^ _08790_/A (sky130_fd_sc_hd__and2_4)
                  0.07    0.30   16.72 ^ _08790_/X (sky130_fd_sc_hd__and2_4)
     1    0.01                           _02393_ (net)
                  0.07    0.00   16.72 ^ _08796_/A2 (sky130_fd_sc_hd__a211o_4)
                  0.39    0.51   17.23 ^ _08796_/X (sky130_fd_sc_hd__a211o_4)
     6    0.10                           _02400_ (net)
                  0.39    0.03   17.26 ^ _10762_/D_N (sky130_fd_sc_hd__or4b_4)
                  0.21    1.19   18.45 v _10762_/X (sky130_fd_sc_hd__or4b_4)
     3    0.02                           _04544_ (net)
                  0.21    0.00   18.45 v _11278_/A1 (sky130_fd_sc_hd__a2111o_1)
                  0.17    0.88   19.34 v _11278_/X (sky130_fd_sc_hd__a2111o_1)
     3    0.01                           _05103_ (net)
                  0.17    0.00   19.34 v _11282_/A (sky130_fd_sc_hd__and2_2)
                  0.14    0.51   19.84 v _11282_/X (sky130_fd_sc_hd__and2_2)
     2    0.02                           _05108_ (net)
                  0.14    0.00   19.85 v _11360_/A1 (sky130_fd_sc_hd__o21a_2)
                  0.13    0.52   20.37 v _11360_/X (sky130_fd_sc_hd__o21a_2)
     2    0.02                           _05191_ (net)
                  0.13    0.00   20.37 v _11361_/B (sky130_fd_sc_hd__xor2_4)
                  0.95    0.88   21.25 ^ _11361_/X (sky130_fd_sc_hd__xor2_4)
     3    0.09                           net118 (net)
                  0.95    0.01   21.25 ^ output118/A (sky130_fd_sc_hd__clkbuf_4)
                  0.19    0.71   21.96 ^ output118/X (sky130_fd_sc_hd__clkbuf_4)
     1    0.03                           product[58] (net)
                  0.19    0.00   21.96 ^ product[58] (out)
                                 21.96   data arrival time

                  0.00   20.00   20.00   clock clk (rise edge)
                          0.00   20.00   clock network delay (ideal)
                         -0.25   19.75   clock uncertainty
                          0.00   19.75   clock reconvergence pessimism
                         -4.00   15.75   output external delay
                                 15.75   data required time
-----------------------------------------------------------------------------
                                 15.75   data required time
                                -21.96   data arrival time
-----------------------------------------------------------------------------
                                 -6.21   slack (VIOLATED)



======================= Typical Corner ===================================

No paths found.


===========================================================================
 report_check_types -max_slew -max_cap -max_fanout -violators
============================================================================
======================= Fastest Corner ===================================

max fanout

Pin                                   Limit Fanout  Slack
---------------------------------------------------------
_05920_/X                                10     13     -3 (VIOLATED)
_06411_/X                                10     13     -3 (VIOLATED)
_07087_/X                                10     13     -3 (VIOLATED)
_05768_/X                                10     12     -2 (VIOLATED)
_05769_/X                                10     12     -2 (VIOLATED)
_06336_/X                                10     12     -2 (VIOLATED)
_07297_/X                                10     12     -2 (VIOLATED)
_08082_/X                                10     12     -2 (VIOLATED)
_08640_/X                                10     12     -2 (VIOLATED)
_05762_/X                                10     11        (VIOLATED)
_05810_/X                                10     11        (VIOLATED)
_05876_/X                                10     11        (VIOLATED)
_05918_/X                                10     11        (VIOLATED)
_05926_/X                                10     11        (VIOLATED)
_06047_/X                                10     11        (VIOLATED)
_06131_/X                                10     11        (VIOLATED)
_06210_/X                                10     11        (VIOLATED)
_06423_/X                                10     11        (VIOLATED)
_06455_/X                                10     11        (VIOLATED)
_06614_/X                                10     11        (VIOLATED)
_06914_/X                                10     11        (VIOLATED)
_06973_/X                                10     11        (VIOLATED)
_07108_/X                                10     11        (VIOLATED)
_07287_/X                                10     11        (VIOLATED)
_07290_/X                                10     11        (VIOLATED)
_08068_/X                                10     11        (VIOLATED)
_08130_/X                                10     11        (VIOLATED)
_08412_/X                                10     11        (VIOLATED)
_08593_/X                                10     11        (VIOLATED)
_08746_/X                                10     11        (VIOLATED)
_09064_/X                                10     11        (VIOLATED)
_09198_/X                                10     11        (VIOLATED)
_09209_/X                                10     11        (VIOLATED)
_09221_/X                                10     11        (VIOLATED)
_09222_/X                                10     11        (VIOLATED)
_09223_/X                                10     11        (VIOLATED)
_09352_/X                                10     11        (VIOLATED)
_09796_/X                                10     11        (VIOLATED)
input1/X                                 10     11        (VIOLATED)
input37/X                                10     11        (VIOLATED)
input38/X                                10     11        (VIOLATED)


max slew violations count Fastest: 0
max fanout violations count Fastest: 41
max cap violations count Fastest: 0
======================= Slowest Corner ===================================

max slew

Pin                                    Limit    Slew   Slack
------------------------------------------------------------
output69/A                              0.75    1.16   -0.41 (VIOLATED)
_06323_/X                               0.75    1.16   -0.41 (VIOLATED)
output116/A                             0.75    1.01   -0.26 (VIOLATED)
ANTENNA_32/DIODE                        0.75    1.01   -0.26 (VIOLATED)
_11283_/Y                               0.75    1.01   -0.26 (VIOLATED)
output76/A                              0.75    1.01   -0.26 (VIOLATED)
_11457_/Y                               0.75    1.01   -0.26 (VIOLATED)
_09096_/B1                              0.75    0.99   -0.24 (VIOLATED)
_09095_/Y                               0.75    0.99   -0.24 (VIOLATED)
_09829_/A                               0.75    0.98   -0.23 (VIOLATED)
_09958_/A                               0.75    0.98   -0.23 (VIOLATED)
_09957_/A                               0.75    0.98   -0.23 (VIOLATED)
_09826_/X                               0.75    0.98   -0.23 (VIOLATED)
_07072_/Y                               0.75    0.97   -0.22 (VIOLATED)
_07137_/A                               0.75    0.97   -0.22 (VIOLATED)
_07138_/A1                              0.75    0.97   -0.22 (VIOLATED)
_07151_/B                               0.75    0.97   -0.22 (VIOLATED)
_07272_/A2                              0.75    0.97   -0.22 (VIOLATED)
output117/A                             0.75    0.95   -0.20 (VIOLATED)
ANTENNA_50/DIODE                        0.75    0.95   -0.20 (VIOLATED)
ANTENNA_49/DIODE                        0.75    0.95   -0.20 (VIOLATED)
_11324_/Y                               0.75    0.95   -0.20 (VIOLATED)
output118/A                             0.75    0.95   -0.20 (VIOLATED)
ANTENNA_51/DIODE                        0.75    0.95   -0.20 (VIOLATED)
ANTENNA_52/DIODE                        0.75    0.95   -0.20 (VIOLATED)
_11361_/X                               0.75    0.95   -0.20 (VIOLATED)
_09252_/A                               0.75    0.93   -0.18 (VIOLATED)
_09399_/A                               0.75    0.93   -0.18 (VIOLATED)
_09249_/Y                               0.75    0.93   -0.18 (VIOLATED)
output102/A                             0.75    0.93   -0.18 (VIOLATED)
_10297_/X                               0.75    0.93   -0.18 (VIOLATED)
output91/A                              0.75    0.89   -0.14 (VIOLATED)
_08952_/X                               0.75    0.89   -0.14 (VIOLATED)
output78/A                              0.75    0.89   -0.14 (VIOLATED)
ANTENNA_28/DIODE                        0.75    0.89   -0.14 (VIOLATED)
_07150_/Y                               0.75    0.89   -0.14 (VIOLATED)
output126/A                             0.75    0.88   -0.13 (VIOLATED)
_05893_/X                               0.75    0.88   -0.13 (VIOLATED)
output108/A                             0.75    0.88   -0.13 (VIOLATED)
_10851_/Y                               0.75    0.88   -0.13 (VIOLATED)
_10768_/B                               0.75    0.87   -0.12 (VIOLATED)
_10849_/B                               0.75    0.87   -0.12 (VIOLATED)
_11278_/A2                              0.75    0.87   -0.12 (VIOLATED)
_10767_/Y                               0.75    0.87   -0.12 (VIOLATED)
_09093_/A                               0.75    0.86   -0.11 (VIOLATED)
_09254_/A                               0.75    0.86   -0.11 (VIOLATED)
_09090_/Y                               0.75    0.86   -0.11 (VIOLATED)
output81/A                              0.75    0.86   -0.11 (VIOLATED)
_07541_/X                               0.75    0.86   -0.11 (VIOLATED)
_09547_/A                               0.75    0.83   -0.08 (VIOLATED)
_09689_/A                               0.75    0.83   -0.08 (VIOLATED)
_09544_/Y                               0.75    0.83   -0.08 (VIOLATED)
output70/A                              0.75    0.82   -0.07 (VIOLATED)
_06406_/Y                               0.75    0.82   -0.07 (VIOLATED)
_09962_/B                               0.75    0.82   -0.07 (VIOLATED)
_09963_/A2                              0.75    0.82   -0.07 (VIOLATED)
_10190_/B                               0.75    0.82   -0.07 (VIOLATED)
ANTENNA_14/DIODE                        0.75    0.82   -0.07 (VIOLATED)
_10399_/A1                              0.75    0.82   -0.07 (VIOLATED)
_09961_/Y                               0.75    0.82   -0.07 (VIOLATED)
_08798_/B                               0.75    0.82   -0.07 (VIOLATED)
_08785_/B                               0.75    0.82   -0.07 (VIOLATED)
_08784_/Y                               0.75    0.82   -0.07 (VIOLATED)
output98/A                              0.75    0.82   -0.07 (VIOLATED)
_11460_/Y                               0.75    0.82   -0.07 (VIOLATED)
_09252_/B                               0.75    0.81   -0.06 (VIOLATED)
_09399_/B                               0.75    0.81   -0.06 (VIOLATED)
_09251_/Y                               0.75    0.81   -0.06 (VIOLATED)
_08460_/Y                               0.75    0.80   -0.05 (VIOLATED)
_08627_/C1                              0.75    0.80   -0.05 (VIOLATED)
max_cap133/A                            0.75    0.80   -0.05 (VIOLATED)
_09940_/Y                               0.75    0.80   -0.05 (VIOLATED)
_09942_/B1                              0.75    0.80   -0.05 (VIOLATED)
max_cap137/A                            0.75    0.80   -0.05 (VIOLATED)
_09817_/Y                               0.75    0.79   -0.04 (VIOLATED)
_09820_/A1                              0.75    0.79   -0.04 (VIOLATED)
max_cap138/A                            0.75    0.79   -0.04 (VIOLATED)
_08939_/B                               0.75    0.79   -0.04 (VIOLATED)
_09096_/A2                              0.75    0.79   -0.04 (VIOLATED)
_08938_/X                               0.75    0.79   -0.04 (VIOLATED)
_06832_/Y                               0.75    0.78   -0.03 (VIOLATED)
_06895_/B                               0.75    0.78   -0.03 (VIOLATED)
_06896_/A2                              0.75    0.78   -0.03 (VIOLATED)
_09546_/A2                              0.75    0.78   -0.03 (VIOLATED)
_09398_/B                               0.75    0.78   -0.03 (VIOLATED)
_09397_/X                               0.75    0.78   -0.03 (VIOLATED)
_08792_/Y                               0.75    0.78   -0.03 (VIOLATED)
_08795_/B1                              0.75    0.78   -0.03 (VIOLATED)
output111/A                             0.75    0.78   -0.03 (VIOLATED)
_10996_/Y                               0.75    0.78   -0.03 (VIOLATED)
output83/A                              0.75    0.78   -0.03 (VIOLATED)
_07811_/Y                               0.75    0.78   -0.03 (VIOLATED)
_10276_/Y                               0.75    0.78   -0.03 (VIOLATED)
_10278_/B1                              0.75    0.78   -0.03 (VIOLATED)
_10279_/A1                              0.75    0.78   -0.03 (VIOLATED)
_10342_/B                               0.75    0.78   -0.03 (VIOLATED)
output93/A                              0.75    0.78   -0.03 (VIOLATED)
_09265_/X                               0.75    0.78   -0.03 (VIOLATED)
output107/A                             0.75    0.77   -0.02 (VIOLATED)
_10769_/Y                               0.75    0.77   -0.02 (VIOLATED)
_07074_/Y                               0.75    0.77   -0.02 (VIOLATED)
_07135_/A2                              0.75    0.77   -0.02 (VIOLATED)
_07136_/C1                              0.75    0.77   -0.02 (VIOLATED)
_08330_/A2                              0.75    0.76   -0.01 (VIOLATED)
_08329_/C                               0.75    0.76   -0.01 (VIOLATED)
_08328_/Y                               0.75    0.76   -0.01 (VIOLATED)

max fanout

Pin                                   Limit Fanout  Slack
---------------------------------------------------------
_05920_/X                                10     13     -3 (VIOLATED)
_06411_/X                                10     13     -3 (VIOLATED)
_07087_/X                                10     13     -3 (VIOLATED)
_05768_/X                                10     12     -2 (VIOLATED)
_05769_/X                                10     12     -2 (VIOLATED)
_06336_/X                                10     12     -2 (VIOLATED)
_07297_/X                                10     12     -2 (VIOLATED)
_08082_/X                                10     12     -2 (VIOLATED)
_08640_/X                                10     12     -2 (VIOLATED)
_05762_/X                                10     11        (VIOLATED)
_05810_/X                                10     11        (VIOLATED)
_05876_/X                                10     11        (VIOLATED)
_05918_/X                                10     11        (VIOLATED)
_05926_/X                                10     11        (VIOLATED)
_06047_/X                                10     11        (VIOLATED)
_06131_/X                                10     11        (VIOLATED)
_06210_/X                                10     11        (VIOLATED)
_06423_/X                                10     11        (VIOLATED)
_06455_/X                                10     11        (VIOLATED)
_06614_/X                                10     11        (VIOLATED)
_06914_/X                                10     11        (VIOLATED)
_06973_/X                                10     11        (VIOLATED)
_07108_/X                                10     11        (VIOLATED)
_07287_/X                                10     11        (VIOLATED)
_07290_/X                                10     11        (VIOLATED)
_08068_/X                                10     11        (VIOLATED)
_08130_/X                                10     11        (VIOLATED)
_08412_/X                                10     11        (VIOLATED)
_08593_/X                                10     11        (VIOLATED)
_08746_/X                                10     11        (VIOLATED)
_09064_/X                                10     11        (VIOLATED)
_09198_/X                                10     11        (VIOLATED)
_09209_/X                                10     11        (VIOLATED)
_09221_/X                                10     11        (VIOLATED)
_09222_/X                                10     11        (VIOLATED)
_09223_/X                                10     11        (VIOLATED)
_09352_/X                                10     11        (VIOLATED)
_09796_/X                                10     11        (VIOLATED)
input1/X                                 10     11        (VIOLATED)
input37/X                                10     11        (VIOLATED)
input38/X                                10     11        (VIOLATED)


max slew violations count Slowest: 106
max fanout violations count Slowest: 41
max cap violations count Slowest: 0
======================= Typical Corner ===================================

max fanout

Pin                                   Limit Fanout  Slack
---------------------------------------------------------
_05920_/X                                10     13     -3 (VIOLATED)
_06411_/X                                10     13     -3 (VIOLATED)
_07087_/X                                10     13     -3 (VIOLATED)
_05768_/X                                10     12     -2 (VIOLATED)
_05769_/X                                10     12     -2 (VIOLATED)
_06336_/X                                10     12     -2 (VIOLATED)
_07297_/X                                10     12     -2 (VIOLATED)
_08082_/X                                10     12     -2 (VIOLATED)
_08640_/X                                10     12     -2 (VIOLATED)
_05762_/X                                10     11        (VIOLATED)
_05810_/X                                10     11        (VIOLATED)
_05876_/X                                10     11        (VIOLATED)
_05918_/X                                10     11        (VIOLATED)
_05926_/X                                10     11        (VIOLATED)
_06047_/X                                10     11        (VIOLATED)
_06131_/X                                10     11        (VIOLATED)
_06210_/X                                10     11        (VIOLATED)
_06423_/X                                10     11        (VIOLATED)
_06455_/X                                10     11        (VIOLATED)
_06614_/X                                10     11        (VIOLATED)
_06914_/X                                10     11        (VIOLATED)
_06973_/X                                10     11        (VIOLATED)
_07108_/X                                10     11        (VIOLATED)
_07287_/X                                10     11        (VIOLATED)
_07290_/X                                10     11        (VIOLATED)
_08068_/X                                10     11        (VIOLATED)
_08130_/X                                10     11        (VIOLATED)
_08412_/X                                10     11        (VIOLATED)
_08593_/X                                10     11        (VIOLATED)
_08746_/X                                10     11        (VIOLATED)
_09064_/X                                10     11        (VIOLATED)
_09198_/X                                10     11        (VIOLATED)
_09209_/X                                10     11        (VIOLATED)
_09221_/X                                10     11        (VIOLATED)
_09222_/X                                10     11        (VIOLATED)
_09223_/X                                10     11        (VIOLATED)
_09352_/X                                10     11        (VIOLATED)
_09796_/X                                10     11        (VIOLATED)
input1/X                                 10     11        (VIOLATED)
input37/X                                10     11        (VIOLATED)
input38/X                                10     11        (VIOLATED)


max slew violations count Typical: 0
max fanout violations count Typical: 41
max cap violations count Typical: 0

===========================================================================
report_parasitic_annotation -report_unannotated
============================================================================
Found 0 unannotated drivers.
Found 0 partially unannotated drivers.

===========================================================================
max slew violation count 106
max fanout violation count 41
max cap violation count 0
============================================================================

===========================================================================
check_setup -verbose -unconstrained_endpoints -multiple_clock -no_clock -no_input_delay -loops -generated_clocks
===========================================================================
