
===========================================================================
report_checks -unconstrained
===========================================================================
======================= Fastest Corner ===================================

Startpoint: mplier[6] (input port clocked by clk)
Endpoint: product[31] (output port clocked by clk)
Path Group: clk
Path Type: max
Corner: Fastest

Fanout     Cap    Slew   Delay    Time   Description
-----------------------------------------------------------------------------
                  0.00    0.00    0.00   clock clk (rise edge)
                          0.00    0.00   clock network delay (ideal)
                          4.00    4.00 ^ input external delay
                  0.01    0.01    4.01 ^ mplier[6] (in)
     1    0.00                           mplier[6] (net)
                  0.01    0.00    4.01 ^ input29/A (sky130_fd_sc_hd__buf_2)
                  0.15    0.15    4.16 ^ input29/X (sky130_fd_sc_hd__buf_2)
     4    0.04                           net29 (net)
                  0.15    0.00    4.16 ^ _1470_/A (sky130_fd_sc_hd__buf_6)
                  0.08    0.13    4.29 ^ _1470_/X (sky130_fd_sc_hd__buf_6)
    10    0.05                           _0514_ (net)
                  0.08    0.00    4.29 ^ _1598_/A (sky130_fd_sc_hd__clkbuf_4)
                  0.14    0.18    4.47 ^ _1598_/X (sky130_fd_sc_hd__clkbuf_4)
    10    0.06                           _0640_ (net)
                  0.14    0.01    4.48 ^ _1653_/A (sky130_fd_sc_hd__buf_4)
                  0.14    0.18    4.66 ^ _1653_/X (sky130_fd_sc_hd__buf_4)
    10    0.07                           _0694_ (net)
                  0.14    0.00    4.66 ^ _1731_/B (sky130_fd_sc_hd__nand2_1)
                  0.07    0.08    4.75 v _1731_/Y (sky130_fd_sc_hd__nand2_1)
     2    0.01                           _0771_ (net)
                  0.07    0.00    4.75 v _1797_/A1 (sky130_fd_sc_hd__o21ba_1)
                  0.05    0.16    4.90 v _1797_/X (sky130_fd_sc_hd__o21ba_1)
     2    0.01                           _0836_ (net)
                  0.05    0.00    4.90 v _1803_/A (sky130_fd_sc_hd__xnor2_1)
                  0.14    0.16    5.06 ^ _1803_/Y (sky130_fd_sc_hd__xnor2_1)
     2    0.01                           _0842_ (net)
                  0.14    0.00    5.06 ^ _1848_/B_N (sky130_fd_sc_hd__or2b_1)
                  0.06    0.18    5.23 v _1848_/X (sky130_fd_sc_hd__or2b_1)
     2    0.01                           _0886_ (net)
                  0.06    0.00    5.23 v _1863_/B (sky130_fd_sc_hd__and3_1)
                  0.04    0.13    5.37 v _1863_/X (sky130_fd_sc_hd__and3_1)
     2    0.01                           _0901_ (net)
                  0.04    0.00    5.37 v _1865_/A2 (sky130_fd_sc_hd__o211a_1)
                  0.04    0.16    5.52 v _1865_/X (sky130_fd_sc_hd__o211a_1)
     2    0.01                           _0903_ (net)
                  0.04    0.00    5.53 v _1901_/B (sky130_fd_sc_hd__nor4_1)
                  0.20    0.22    5.74 ^ _1901_/Y (sky130_fd_sc_hd__nor4_1)
     2    0.01                           _0939_ (net)
                  0.20    0.00    5.74 ^ max_cap67/A (sky130_fd_sc_hd__dlymetal6s2s_1)
                  0.14    0.16    5.90 ^ max_cap67/X (sky130_fd_sc_hd__dlymetal6s2s_1)
     2    0.02                           net67 (net)
                  0.14    0.00    5.90 ^ _1904_/A1 (sky130_fd_sc_hd__o211ai_4)
                  0.05    0.07    5.97 v _1904_/Y (sky130_fd_sc_hd__o211ai_4)
     2    0.01                           _0942_ (net)
                  0.05    0.00    5.97 v _1906_/A2 (sky130_fd_sc_hd__a211o_1)
                  0.07    0.24    6.21 v _1906_/X (sky130_fd_sc_hd__a211o_1)
     2    0.01                           _0944_ (net)
                  0.07    0.00    6.21 v _1908_/A2 (sky130_fd_sc_hd__a211o_1)
                  0.04    0.21    6.41 v _1908_/X (sky130_fd_sc_hd__a211o_1)
     1    0.00                           _0946_ (net)
                  0.04    0.00    6.41 v _1909_/B (sky130_fd_sc_hd__nand2_2)
                  0.09    0.09    6.51 ^ _1909_/Y (sky130_fd_sc_hd__nand2_2)
     2    0.02                           _0947_ (net)
                  0.09    0.00    6.51 ^ _1910_/B (sky130_fd_sc_hd__xor2_4)
                  0.16    0.16    6.67 ^ _1910_/X (sky130_fd_sc_hd__xor2_4)
     2    0.02                           _0948_ (net)
                  0.16    0.00    6.67 ^ _1980_/C1 (sky130_fd_sc_hd__o211a_4)
                  0.05    0.12    6.78 ^ _1980_/X (sky130_fd_sc_hd__o211a_4)
     2    0.02                           _1019_ (net)
                  0.05    0.00    6.79 ^ _2131_/A2 (sky130_fd_sc_hd__a311o_4)
                  0.09    0.17    6.96 ^ _2131_/X (sky130_fd_sc_hd__a311o_4)
     4    0.03                           _1182_ (net)
                  0.09    0.00    6.96 ^ _2403_/A1 (sky130_fd_sc_hd__a31oi_4)
                  0.10    0.11    7.07 v _2403_/Y (sky130_fd_sc_hd__a31oi_4)
     4    0.04                           _0109_ (net)
                  0.10    0.00    7.07 v _2605_/A1 (sky130_fd_sc_hd__o21a_4)
                  0.05    0.20    7.27 v _2605_/X (sky130_fd_sc_hd__o21a_4)
     4    0.03                           _0327_ (net)
                  0.05    0.00    7.27 v _2732_/A1 (sky130_fd_sc_hd__o31a_1)
                  0.08    0.25    7.52 v _2732_/X (sky130_fd_sc_hd__o31a_1)
     3    0.02                           _0462_ (net)
                  0.08    0.00    7.52 v _2758_/A2 (sky130_fd_sc_hd__o31ai_4)
                  0.17    0.20    7.72 ^ _2758_/Y (sky130_fd_sc_hd__o31ai_4)
     2    0.01                           _0488_ (net)
                  0.17    0.00    7.72 ^ _2760_/A2 (sky130_fd_sc_hd__a211o_1)
                  0.13    0.17    7.89 ^ _2760_/X (sky130_fd_sc_hd__a211o_1)
     1    0.02                           net57 (net)
                  0.13    0.00    7.89 ^ output57/A (sky130_fd_sc_hd__buf_4)
                  0.08    0.13    8.03 ^ output57/X (sky130_fd_sc_hd__buf_4)
     1    0.03                           product[31] (net)
                  0.08    0.00    8.03 ^ product[31] (out)
                                  8.03   data arrival time

                  0.00   20.00   20.00   clock clk (rise edge)
                          0.00   20.00   clock network delay (ideal)
                         -0.25   19.75   clock uncertainty
                          0.00   19.75   clock reconvergence pessimism
                         -4.00   15.75   output external delay
                                 15.75   data required time
-----------------------------------------------------------------------------
                                 15.75   data required time
                                 -8.03   data arrival time
-----------------------------------------------------------------------------
                                  7.72   slack (MET)



======================= Slowest Corner ===================================

Startpoint: mplier[8] (input port clocked by clk)
Endpoint: product[31] (output port clocked by clk)
Path Group: clk
Path Type: max
Corner: Slowest

Fanout     Cap    Slew   Delay    Time   Description
-----------------------------------------------------------------------------
                  0.00    0.00    0.00   clock clk (rise edge)
                          0.00    0.00   clock network delay (ideal)
                          4.00    4.00 ^ input external delay
                  0.03    0.01    4.01 ^ mplier[8] (in)
     1    0.00                           mplier[8] (net)
                  0.03    0.00    4.01 ^ input31/A (sky130_fd_sc_hd__buf_2)
                  0.32    0.38    4.39 ^ input31/X (sky130_fd_sc_hd__buf_2)
     4    0.04                           net31 (net)
                  0.32    0.00    4.39 ^ _1607_/A (sky130_fd_sc_hd__clkbuf_4)
                  0.25    0.52    4.91 ^ _1607_/X (sky130_fd_sc_hd__clkbuf_4)
    10    0.05                           _0649_ (net)
                  0.25    0.00    4.91 ^ _1732_/A (sky130_fd_sc_hd__clkbuf_4)
                  0.28    0.51    5.42 ^ _1732_/X (sky130_fd_sc_hd__clkbuf_4)
    10    0.06                           _0772_ (net)
                  0.28    0.00    5.43 ^ _1880_/A (sky130_fd_sc_hd__buf_4)
                  0.26    0.46    5.89 ^ _1880_/X (sky130_fd_sc_hd__buf_4)
    10    0.06                           _0918_ (net)
                  0.26    0.00    5.89 ^ _1881_/A2_N (sky130_fd_sc_hd__o2bb2a_1)
                  0.14    0.58    6.47 v _1881_/X (sky130_fd_sc_hd__o2bb2a_1)
     1    0.01                           _0919_ (net)
                  0.14    0.00    6.47 v _1882_/B (sky130_fd_sc_hd__nor2_2)
                  0.31    0.32    6.79 ^ _1882_/Y (sky130_fd_sc_hd__nor2_2)
     3    0.02                           _0920_ (net)
                  0.31    0.00    6.79 ^ _1964_/A1 (sky130_fd_sc_hd__a21bo_1)
                  0.14    0.37    7.15 ^ _1964_/X (sky130_fd_sc_hd__a21bo_1)
     2    0.01                           _1002_ (net)
                  0.14    0.00    7.15 ^ _1965_/C (sky130_fd_sc_hd__nand3_2)
                  0.27    0.33    7.48 v _1965_/Y (sky130_fd_sc_hd__nand3_2)
     5    0.02                           _1003_ (net)
                  0.27    0.00    7.48 v _1967_/B (sky130_fd_sc_hd__and3_1)
                  0.17    0.56    8.04 v _1967_/X (sky130_fd_sc_hd__and3_1)
     2    0.01                           _1005_ (net)
                  0.17    0.00    8.04 v _1970_/A1 (sky130_fd_sc_hd__o211a_1)
                  0.18    0.58    8.63 v _1970_/X (sky130_fd_sc_hd__o211a_1)
     3    0.02                           _1008_ (net)
                  0.18    0.00    8.63 v _1971_/D (sky130_fd_sc_hd__or4_4)
                  0.18    0.97    9.59 v _1971_/X (sky130_fd_sc_hd__or4_4)
     2    0.01                           _1009_ (net)
                  0.18    0.00    9.59 v _1974_/A1 (sky130_fd_sc_hd__a211o_1)
                  0.14    0.63   10.22 v _1974_/X (sky130_fd_sc_hd__a211o_1)
     2    0.01                           _1013_ (net)
                  0.14    0.00   10.22 v _1975_/C (sky130_fd_sc_hd__nand3_2)
                  0.17    0.22   10.44 ^ _1975_/Y (sky130_fd_sc_hd__nand3_2)
     4    0.02                           _1014_ (net)
                  0.17    0.00   10.44 ^ _2055_/A2 (sky130_fd_sc_hd__a211oi_1)
                  0.17    0.23   10.67 v _2055_/Y (sky130_fd_sc_hd__a211oi_1)
     3    0.01                           _1100_ (net)
                  0.17    0.00   10.67 v _2057_/B (sky130_fd_sc_hd__or3_1)
                  0.18    0.94   11.61 v _2057_/X (sky130_fd_sc_hd__or3_1)
     3    0.01                           _1102_ (net)
                  0.18    0.00   11.62 v _2060_/A1 (sky130_fd_sc_hd__a21o_1)
                  0.07    0.36   11.98 v _2060_/X (sky130_fd_sc_hd__a21o_1)
     2    0.00                           _1105_ (net)
                  0.07    0.00   11.98 v _2061_/B (sky130_fd_sc_hd__and2b_1)
                  0.12    0.40   12.37 v _2061_/X (sky130_fd_sc_hd__and2b_1)
     2    0.01                           _1106_ (net)
                  0.12    0.00   12.37 v _2131_/A3 (sky130_fd_sc_hd__a311o_4)
                  0.15    0.87   13.25 v _2131_/X (sky130_fd_sc_hd__a311o_4)
     4    0.03                           _1182_ (net)
                  0.15    0.00   13.25 v _2403_/A1 (sky130_fd_sc_hd__a31oi_4)
                  0.51    0.53   13.78 ^ _2403_/Y (sky130_fd_sc_hd__a31oi_4)
     4    0.04                           _0109_ (net)
                  0.51    0.00   13.78 ^ _2605_/A1 (sky130_fd_sc_hd__o21a_4)
                  0.18    0.53   14.31 ^ _2605_/X (sky130_fd_sc_hd__o21a_4)
     4    0.03                           _0327_ (net)
                  0.19    0.00   14.32 ^ _2732_/A1 (sky130_fd_sc_hd__o31a_1)
                  0.35    0.53   14.85 ^ _2732_/X (sky130_fd_sc_hd__o31a_1)
     3    0.02                           _0462_ (net)
                  0.35    0.00   14.85 ^ _2758_/A2 (sky130_fd_sc_hd__o31ai_4)
                  0.12    0.24   15.09 v _2758_/Y (sky130_fd_sc_hd__o31ai_4)
     2    0.01                           _0488_ (net)
                  0.12    0.00   15.09 v _2760_/A2 (sky130_fd_sc_hd__a211o_1)
                  0.22    0.74   15.84 v _2760_/X (sky130_fd_sc_hd__a211o_1)
     1    0.02                           net57 (net)
                  0.22    0.00   15.84 v output57/A (sky130_fd_sc_hd__buf_4)
                  0.10    0.39   16.23 v output57/X (sky130_fd_sc_hd__buf_4)
     1    0.03                           product[31] (net)
                  0.10    0.00   16.23 v product[31] (out)
                                 16.23   data arrival time

                  0.00   20.00   20.00   clock clk (rise edge)
                          0.00   20.00   clock network delay (ideal)
                         -0.25   19.75   clock uncertainty
                          0.00   19.75   clock reconvergence pessimism
                         -4.00   15.75   output external delay
                                 15.75   data required time
-----------------------------------------------------------------------------
                                 15.75   data required time
                                -16.23   data arrival time
-----------------------------------------------------------------------------
                                 -0.48   slack (VIOLATED)



======================= Typical Corner ===================================

Startpoint: mplier[8] (input port clocked by clk)
Endpoint: product[31] (output port clocked by clk)
Path Group: clk
Path Type: max
Corner: Typical

Fanout     Cap    Slew   Delay    Time   Description
-----------------------------------------------------------------------------
                  0.00    0.00    0.00   clock clk (rise edge)
                          0.00    0.00   clock network delay (ideal)
                          4.00    4.00 ^ input external delay
                  0.02    0.01    4.01 ^ mplier[8] (in)
     1    0.00                           mplier[8] (net)
                  0.02    0.00    4.01 ^ input31/A (sky130_fd_sc_hd__buf_2)
                  0.20    0.22    4.23 ^ input31/X (sky130_fd_sc_hd__buf_2)
     4    0.04                           net31 (net)
                  0.20    0.00    4.23 ^ _1607_/A (sky130_fd_sc_hd__clkbuf_4)
                  0.16    0.29    4.52 ^ _1607_/X (sky130_fd_sc_hd__clkbuf_4)
    10    0.05                           _0649_ (net)
                  0.16    0.00    4.52 ^ _1732_/A (sky130_fd_sc_hd__clkbuf_4)
                  0.18    0.29    4.81 ^ _1732_/X (sky130_fd_sc_hd__clkbuf_4)
    10    0.06                           _0772_ (net)
                  0.18    0.00    4.81 ^ _1880_/A (sky130_fd_sc_hd__buf_4)
                  0.16    0.25    5.06 ^ _1880_/X (sky130_fd_sc_hd__buf_4)
    10    0.06                           _0918_ (net)
                  0.16    0.00    5.06 ^ _1881_/A2_N (sky130_fd_sc_hd__o2bb2a_1)
                  0.07    0.27    5.33 v _1881_/X (sky130_fd_sc_hd__o2bb2a_1)
     1    0.01                           _0919_ (net)
                  0.07    0.00    5.33 v _1882_/B (sky130_fd_sc_hd__nor2_2)
                  0.19    0.18    5.51 ^ _1882_/Y (sky130_fd_sc_hd__nor2_2)
     3    0.02                           _0920_ (net)
                  0.19    0.00    5.51 ^ _1892_/A (sky130_fd_sc_hd__nand3_2)
                  0.11    0.14    5.65 v _1892_/Y (sky130_fd_sc_hd__nand3_2)
     2    0.01                           _0930_ (net)
                  0.11    0.00    5.65 v _1896_/A1 (sky130_fd_sc_hd__a21o_1)
                  0.07    0.23    5.87 v _1896_/X (sky130_fd_sc_hd__a21o_1)
     3    0.01                           _0934_ (net)
                  0.07    0.00    5.87 v _1897_/C (sky130_fd_sc_hd__and3_1)
                  0.08    0.24    6.12 v _1897_/X (sky130_fd_sc_hd__and3_1)
     2    0.01                           _0935_ (net)
                  0.08    0.00    6.12 v _1899_/B1 (sky130_fd_sc_hd__a211oi_4)
                  0.31    0.35    6.46 ^ _1899_/Y (sky130_fd_sc_hd__a211oi_4)
     4    0.02                           _0937_ (net)
                  0.31    0.00    6.47 ^ _1901_/C (sky130_fd_sc_hd__nor4_1)
                  0.09    0.11    6.58 v _1901_/Y (sky130_fd_sc_hd__nor4_1)
     2    0.00                           _0939_ (net)
                  0.09    0.00    6.58 v max_cap67/A (sky130_fd_sc_hd__dlymetal6s2s_1)
                  0.09    0.21    6.79 v max_cap67/X (sky130_fd_sc_hd__dlymetal6s2s_1)
     2    0.01                           net67 (net)
                  0.09    0.00    6.79 v _1903_/B1 (sky130_fd_sc_hd__a211o_2)
                  0.08    0.39    7.17 v _1903_/X (sky130_fd_sc_hd__a211o_2)
     3    0.02                           _0941_ (net)
                  0.08    0.00    7.17 v _1906_/A1 (sky130_fd_sc_hd__a211o_1)
                  0.09    0.34    7.51 v _1906_/X (sky130_fd_sc_hd__a211o_1)
     2    0.01                           _0944_ (net)
                  0.09    0.00    7.51 v _1908_/A2 (sky130_fd_sc_hd__a211o_1)
                  0.05    0.33    7.84 v _1908_/X (sky130_fd_sc_hd__a211o_1)
     1    0.00                           _0946_ (net)
                  0.05    0.00    7.84 v _1909_/B (sky130_fd_sc_hd__nand2_2)
                  0.12    0.13    7.97 ^ _1909_/Y (sky130_fd_sc_hd__nand2_2)
     2    0.02                           _0947_ (net)
                  0.12    0.00    7.97 ^ _1910_/B (sky130_fd_sc_hd__xor2_4)
                  0.21    0.24    8.21 ^ _1910_/X (sky130_fd_sc_hd__xor2_4)
     2    0.02                           _0948_ (net)
                  0.21    0.00    8.21 ^ _1980_/C1 (sky130_fd_sc_hd__o211a_4)
                  0.07    0.23    8.44 ^ _1980_/X (sky130_fd_sc_hd__o211a_4)
     2    0.02                           _1019_ (net)
                  0.07    0.00    8.44 ^ _2131_/A2 (sky130_fd_sc_hd__a311o_4)
                  0.12    0.27    8.71 ^ _2131_/X (sky130_fd_sc_hd__a311o_4)
     4    0.03                           _1182_ (net)
                  0.12    0.00    8.71 ^ _2403_/A1 (sky130_fd_sc_hd__a31oi_4)
                  0.15    0.17    8.88 v _2403_/Y (sky130_fd_sc_hd__a31oi_4)
     4    0.04                           _0109_ (net)
                  0.15    0.00    8.88 v _2605_/A1 (sky130_fd_sc_hd__o21a_4)
                  0.07    0.31    9.19 v _2605_/X (sky130_fd_sc_hd__o21a_4)
     4    0.03                           _0327_ (net)
                  0.07    0.00    9.20 v _2732_/A1 (sky130_fd_sc_hd__o31a_1)
                  0.11    0.39    9.59 v _2732_/X (sky130_fd_sc_hd__o31a_1)
     3    0.02                           _0462_ (net)
                  0.11    0.00    9.59 v _2758_/A2 (sky130_fd_sc_hd__o31ai_4)
                  0.22    0.29    9.88 ^ _2758_/Y (sky130_fd_sc_hd__o31ai_4)
     2    0.01                           _0488_ (net)
                  0.22    0.00    9.88 ^ _2760_/A2 (sky130_fd_sc_hd__a211o_1)
                  0.18    0.27   10.15 ^ _2760_/X (sky130_fd_sc_hd__a211o_1)
     1    0.02                           net57 (net)
                  0.18    0.00   10.15 ^ output57/A (sky130_fd_sc_hd__buf_4)
                  0.10    0.21   10.36 ^ output57/X (sky130_fd_sc_hd__buf_4)
     1    0.03                           product[31] (net)
                  0.10    0.00   10.36 ^ product[31] (out)
                                 10.36   data arrival time

                  0.00   20.00   20.00   clock clk (rise edge)
                          0.00   20.00   clock network delay (ideal)
                         -0.25   19.75   clock uncertainty
                          0.00   19.75   clock reconvergence pessimism
                         -4.00   15.75   output external delay
                                 15.75   data required time
-----------------------------------------------------------------------------
                                 15.75   data required time
                                -10.36   data arrival time
-----------------------------------------------------------------------------
                                  5.39   slack (MET)




===========================================================================
report_checks --slack_max -0.01
============================================================================
======================= Fastest Corner ===================================

No paths found.

======================= Slowest Corner ===================================

Startpoint: mplier[8] (input port clocked by clk)
Endpoint: product[31] (output port clocked by clk)
Path Group: clk
Path Type: max
Corner: Slowest

Fanout     Cap    Slew   Delay    Time   Description
-----------------------------------------------------------------------------
                  0.00    0.00    0.00   clock clk (rise edge)
                          0.00    0.00   clock network delay (ideal)
                          4.00    4.00 ^ input external delay
                  0.03    0.01    4.01 ^ mplier[8] (in)
     1    0.00                           mplier[8] (net)
                  0.03    0.00    4.01 ^ input31/A (sky130_fd_sc_hd__buf_2)
                  0.32    0.38    4.39 ^ input31/X (sky130_fd_sc_hd__buf_2)
     4    0.04                           net31 (net)
                  0.32    0.00    4.39 ^ _1607_/A (sky130_fd_sc_hd__clkbuf_4)
                  0.25    0.52    4.91 ^ _1607_/X (sky130_fd_sc_hd__clkbuf_4)
    10    0.05                           _0649_ (net)
                  0.25    0.00    4.91 ^ _1732_/A (sky130_fd_sc_hd__clkbuf_4)
                  0.28    0.51    5.42 ^ _1732_/X (sky130_fd_sc_hd__clkbuf_4)
    10    0.06                           _0772_ (net)
                  0.28    0.00    5.43 ^ _1880_/A (sky130_fd_sc_hd__buf_4)
                  0.26    0.46    5.89 ^ _1880_/X (sky130_fd_sc_hd__buf_4)
    10    0.06                           _0918_ (net)
                  0.26    0.00    5.89 ^ _1881_/A2_N (sky130_fd_sc_hd__o2bb2a_1)
                  0.14    0.58    6.47 v _1881_/X (sky130_fd_sc_hd__o2bb2a_1)
     1    0.01                           _0919_ (net)
                  0.14    0.00    6.47 v _1882_/B (sky130_fd_sc_hd__nor2_2)
                  0.31    0.32    6.79 ^ _1882_/Y (sky130_fd_sc_hd__nor2_2)
     3    0.02                           _0920_ (net)
                  0.31    0.00    6.79 ^ _1964_/A1 (sky130_fd_sc_hd__a21bo_1)
                  0.14    0.37    7.15 ^ _1964_/X (sky130_fd_sc_hd__a21bo_1)
     2    0.01                           _1002_ (net)
                  0.14    0.00    7.15 ^ _1965_/C (sky130_fd_sc_hd__nand3_2)
                  0.27    0.33    7.48 v _1965_/Y (sky130_fd_sc_hd__nand3_2)
     5    0.02                           _1003_ (net)
                  0.27    0.00    7.48 v _1967_/B (sky130_fd_sc_hd__and3_1)
                  0.17    0.56    8.04 v _1967_/X (sky130_fd_sc_hd__and3_1)
     2    0.01                           _1005_ (net)
                  0.17    0.00    8.04 v _1970_/A1 (sky130_fd_sc_hd__o211a_1)
                  0.18    0.58    8.63 v _1970_/X (sky130_fd_sc_hd__o211a_1)
     3    0.02                           _1008_ (net)
                  0.18    0.00    8.63 v _1971_/D (sky130_fd_sc_hd__or4_4)
                  0.18    0.97    9.59 v _1971_/X (sky130_fd_sc_hd__or4_4)
     2    0.01                           _1009_ (net)
                  0.18    0.00    9.59 v _1974_/A1 (sky130_fd_sc_hd__a211o_1)
                  0.14    0.63   10.22 v _1974_/X (sky130_fd_sc_hd__a211o_1)
     2    0.01                           _1013_ (net)
                  0.14    0.00   10.22 v _1975_/C (sky130_fd_sc_hd__nand3_2)
                  0.17    0.22   10.44 ^ _1975_/Y (sky130_fd_sc_hd__nand3_2)
     4    0.02                           _1014_ (net)
                  0.17    0.00   10.44 ^ _2055_/A2 (sky130_fd_sc_hd__a211oi_1)
                  0.17    0.23   10.67 v _2055_/Y (sky130_fd_sc_hd__a211oi_1)
     3    0.01                           _1100_ (net)
                  0.17    0.00   10.67 v _2057_/B (sky130_fd_sc_hd__or3_1)
                  0.18    0.94   11.61 v _2057_/X (sky130_fd_sc_hd__or3_1)
     3    0.01                           _1102_ (net)
                  0.18    0.00   11.62 v _2060_/A1 (sky130_fd_sc_hd__a21o_1)
                  0.07    0.36   11.98 v _2060_/X (sky130_fd_sc_hd__a21o_1)
     2    0.00                           _1105_ (net)
                  0.07    0.00   11.98 v _2061_/B (sky130_fd_sc_hd__and2b_1)
                  0.12    0.40   12.37 v _2061_/X (sky130_fd_sc_hd__and2b_1)
     2    0.01                           _1106_ (net)
                  0.12    0.00   12.37 v _2131_/A3 (sky130_fd_sc_hd__a311o_4)
                  0.15    0.87   13.25 v _2131_/X (sky130_fd_sc_hd__a311o_4)
     4    0.03                           _1182_ (net)
                  0.15    0.00   13.25 v _2403_/A1 (sky130_fd_sc_hd__a31oi_4)
                  0.51    0.53   13.78 ^ _2403_/Y (sky130_fd_sc_hd__a31oi_4)
     4    0.04                           _0109_ (net)
                  0.51    0.00   13.78 ^ _2605_/A1 (sky130_fd_sc_hd__o21a_4)
                  0.18    0.53   14.31 ^ _2605_/X (sky130_fd_sc_hd__o21a_4)
     4    0.03                           _0327_ (net)
                  0.19    0.00   14.32 ^ _2732_/A1 (sky130_fd_sc_hd__o31a_1)
                  0.35    0.53   14.85 ^ _2732_/X (sky130_fd_sc_hd__o31a_1)
     3    0.02                           _0462_ (net)
                  0.35    0.00   14.85 ^ _2758_/A2 (sky130_fd_sc_hd__o31ai_4)
                  0.12    0.24   15.09 v _2758_/Y (sky130_fd_sc_hd__o31ai_4)
     2    0.01                           _0488_ (net)
                  0.12    0.00   15.09 v _2760_/A2 (sky130_fd_sc_hd__a211o_1)
                  0.22    0.74   15.84 v _2760_/X (sky130_fd_sc_hd__a211o_1)
     1    0.02                           net57 (net)
                  0.22    0.00   15.84 v output57/A (sky130_fd_sc_hd__buf_4)
                  0.10    0.39   16.23 v output57/X (sky130_fd_sc_hd__buf_4)
     1    0.03                           product[31] (net)
                  0.10    0.00   16.23 v product[31] (out)
                                 16.23   data arrival time

                  0.00   20.00   20.00   clock clk (rise edge)
                          0.00   20.00   clock network delay (ideal)
                         -0.25   19.75   clock uncertainty
                          0.00   19.75   clock reconvergence pessimism
                         -4.00   15.75   output external delay
                                 15.75   data required time
-----------------------------------------------------------------------------
                                 15.75   data required time
                                -16.23   data arrival time
-----------------------------------------------------------------------------
                                 -0.48   slack (VIOLATED)



======================= Typical Corner ===================================

No paths found.


===========================================================================
 report_check_types -max_slew -max_cap -max_fanout -violators
============================================================================
======================= Fastest Corner ===================================

max fanout

Pin                                   Limit Fanout  Slack
---------------------------------------------------------
_1383_/X                                 10     11        (VIOLATED)


max slew violations count Fastest: 0
max fanout violations count Fastest: 1
max cap violations count Fastest: 0
======================= Slowest Corner ===================================

max slew

Pin                                    Limit    Slew   Slack
------------------------------------------------------------
output47/A                              0.75    0.93   -0.18 (VIOLATED)
_2518_/Y                                0.75    0.93   -0.18 (VIOLATED)

max fanout

Pin                                   Limit Fanout  Slack
---------------------------------------------------------
_1383_/X                                 10     11        (VIOLATED)


max slew violations count Slowest: 2
max fanout violations count Slowest: 1
max cap violations count Slowest: 0
======================= Typical Corner ===================================

max fanout

Pin                                   Limit Fanout  Slack
---------------------------------------------------------
_1383_/X                                 10     11        (VIOLATED)


max slew violations count Typical: 0
max fanout violations count Typical: 1
max cap violations count Typical: 0

===========================================================================
report_parasitic_annotation -report_unannotated
============================================================================
Found 0 unannotated drivers.
Found 0 partially unannotated drivers.

===========================================================================
max slew violation count 2
max fanout violation count 1
max cap violation count 0
============================================================================

===========================================================================
check_setup -verbose -unconstrained_endpoints -multiple_clock -no_clock -no_input_delay -loops -generated_clocks
===========================================================================
