
===========================================================================
 report_power
============================================================================
======================= Fastest Corner ===================================

Group                  Internal  Switching    Leakage      Total
                          Power      Power      Power      Power (Watts)
----------------------------------------------------------------
Sequential             1.42e-04   5.89e-05   5.96e-10   2.01e-04  25.7%
Combinational          2.87e-04   2.96e-04   3.07e-09   5.83e-04  74.3%
Macro                  0.00e+00   0.00e+00   0.00e+00   0.00e+00   0.0%
Pad                    0.00e+00   0.00e+00   0.00e+00   0.00e+00   0.0%
----------------------------------------------------------------
Total                  4.29e-04   3.55e-04   3.66e-09   7.84e-04 100.0%
                          54.7%      45.3%       0.0%

======================= Slowest Corner ===================================

Group                  Internal  Switching    Leakage      Total
                          Power      Power      Power      Power (Watts)
----------------------------------------------------------------
Sequential             9.73e-05   3.87e-05   5.90e-07   1.37e-04  25.2%
Combinational          2.10e-04   1.94e-04   1.63e-06   4.06e-04  74.8%
Macro                  0.00e+00   0.00e+00   0.00e+00   0.00e+00   0.0%
Pad                    0.00e+00   0.00e+00   0.00e+00   0.00e+00   0.0%
----------------------------------------------------------------
Total                  3.07e-04   2.33e-04   2.22e-06   5.42e-04 100.0%
                          56.6%      43.0%       0.4%

======================= Typical Corner ===================================

Group                  Internal  Switching    Leakage      Total
                          Power      Power      Power      Power (Watts)
----------------------------------------------------------------
Sequential             1.23e-04   4.95e-05   3.38e-10   1.73e-04  25.5%
Combinational          2.56e-04   2.49e-04   1.69e-09   5.05e-04  74.5%
Macro                  0.00e+00   0.00e+00   0.00e+00   0.00e+00   0.0%
Pad                    0.00e+00   0.00e+00   0.00e+00   0.00e+00   0.0%
----------------------------------------------------------------
Total                  3.79e-04   2.99e-04   2.03e-09   6.78e-04 100.0%
                          56.0%      44.0%       0.0%

