
===========================================================================
report_checks -unconstrained
===========================================================================
======================= Fastest Corner ===================================

Startpoint: mplier[7] (input port clocked by clk)
Endpoint: product[58] (output port clocked by clk)
Path Group: clk
Path Type: max
Corner: Fastest

Fanout     Cap    Slew   Delay    Time   Description
-----------------------------------------------------------------------------
                  0.00    0.00    0.00   clock clk (rise edge)
                          0.00    0.00   clock network delay (ideal)
                          4.00    4.00 ^ input external delay
                  0.02    0.01    4.01 ^ mplier[7] (in)
     1    0.00                           mplier[7] (net)
                  0.02    0.00    4.01 ^ input62/A (sky130_fd_sc_hd__buf_4)
                  0.24    0.20    4.21 ^ input62/X (sky130_fd_sc_hd__buf_4)
     5    0.12                           net62 (net)
                  0.25    0.04    4.25 ^ _05856_/A (sky130_fd_sc_hd__clkbuf_4)
                  0.13    0.21    4.46 ^ _05856_/X (sky130_fd_sc_hd__clkbuf_4)
    10    0.05                           _02000_ (net)
                  0.13    0.01    4.47 ^ _06106_/A (sky130_fd_sc_hd__buf_6)
                  0.15    0.17    4.63 ^ _06106_/X (sky130_fd_sc_hd__buf_6)
    10    0.10                           _04726_ (net)
                  0.15    0.01    4.64 ^ _06107_/A (sky130_fd_sc_hd__buf_4)
                  0.23    0.24    4.88 ^ _06107_/X (sky130_fd_sc_hd__buf_4)
    10    0.11                           _04737_ (net)
                  0.23    0.01    4.89 ^ _06108_/A (sky130_fd_sc_hd__buf_6)
                  0.16    0.18    5.07 ^ _06108_/X (sky130_fd_sc_hd__buf_6)
    10    0.10                           _04748_ (net)
                  0.16    0.01    5.08 ^ _08342_/A (sky130_fd_sc_hd__nand2_1)
                  0.06    0.07    5.14 v _08342_/Y (sky130_fd_sc_hd__nand2_1)
     1    0.01                           _01904_ (net)
                  0.06    0.00    5.14 v _08343_/B (sky130_fd_sc_hd__xor2_2)
                  0.06    0.13    5.27 v _08343_/X (sky130_fd_sc_hd__xor2_2)
     2    0.01                           _01905_ (net)
                  0.06    0.00    5.27 v _08482_/A1 (sky130_fd_sc_hd__a21oi_1)
                  0.12    0.13    5.39 ^ _08482_/Y (sky130_fd_sc_hd__a21oi_1)
     2    0.01                           _02056_ (net)
                  0.12    0.00    5.39 ^ _08496_/A_N (sky130_fd_sc_hd__and3b_1)
                  0.06    0.16    5.55 v _08496_/X (sky130_fd_sc_hd__and3b_1)
     3    0.01                           _02071_ (net)
                  0.06    0.00    5.55 v _08498_/B1 (sky130_fd_sc_hd__a211oi_2)
                  0.21    0.17    5.72 ^ _08498_/Y (sky130_fd_sc_hd__a211oi_2)
     2    0.01                           _02073_ (net)
                  0.21    0.00    5.72 ^ _08499_/A (sky130_fd_sc_hd__inv_2)
                  0.05    0.03    5.76 v _08499_/Y (sky130_fd_sc_hd__inv_2)
     2    0.01                           _02074_ (net)
                  0.05    0.00    5.76 v _08502_/A1 (sky130_fd_sc_hd__a211oi_2)
                  0.26    0.25    6.01 ^ _08502_/Y (sky130_fd_sc_hd__a211oi_2)
     2    0.02                           _02078_ (net)
                  0.26    0.00    6.01 ^ _08504_/A2 (sky130_fd_sc_hd__o21a_1)
                  0.18    0.20    6.21 ^ _08504_/X (sky130_fd_sc_hd__o21a_1)
     2    0.03                           _02080_ (net)
                  0.18    0.00    6.21 ^ _08506_/A2 (sky130_fd_sc_hd__o211a_1)
                  0.15    0.19    6.39 ^ _08506_/X (sky130_fd_sc_hd__o211a_1)
     2    0.02                           _02082_ (net)
                  0.15    0.00    6.40 ^ _08507_/C (sky130_fd_sc_hd__nor3_2)
                  0.07    0.05    6.45 v _08507_/Y (sky130_fd_sc_hd__nor3_2)
     4    0.01                           _02083_ (net)
                  0.07    0.00    6.45 v _08624_/A (sky130_fd_sc_hd__or4bb_4)
                  0.07    0.37    6.81 v _08624_/X (sky130_fd_sc_hd__or4bb_4)
     2    0.01                           _02212_ (net)
                  0.07    0.00    6.81 v _08627_/A1 (sky130_fd_sc_hd__a211o_4)
                  0.05    0.25    7.06 v _08627_/X (sky130_fd_sc_hd__a211o_4)
     3    0.02                           _02215_ (net)
                  0.05    0.00    7.06 v _08629_/A2 (sky130_fd_sc_hd__a21o_1)
                  0.06    0.16    7.23 v _08629_/X (sky130_fd_sc_hd__a21o_1)
     2    0.02                           _02217_ (net)
                  0.06    0.00    7.23 v _08630_/C1 (sky130_fd_sc_hd__o211a_1)
                  0.06    0.11    7.34 v _08630_/X (sky130_fd_sc_hd__o211a_1)
     3    0.01                           _02218_ (net)
                  0.06    0.00    7.34 v _08632_/B (sky130_fd_sc_hd__or3_4)
                  0.05    0.25    7.59 v _08632_/X (sky130_fd_sc_hd__or3_4)
     3    0.01                           _02221_ (net)
                  0.05    0.00    7.59 v _08635_/A1 (sky130_fd_sc_hd__a21o_1)
                  0.06    0.15    7.74 v _08635_/X (sky130_fd_sc_hd__a21o_1)
     3    0.02                           _02224_ (net)
                  0.07    0.00    7.74 v _08789_/A1 (sky130_fd_sc_hd__a2111oi_4)
                  0.21    0.23    7.97 ^ _08789_/Y (sky130_fd_sc_hd__a2111oi_4)
     1    0.01                           _02392_ (net)
                  0.21    0.00    7.97 ^ wire1/A (sky130_fd_sc_hd__clkbuf_1)
                  0.08    0.09    8.07 ^ wire1/X (sky130_fd_sc_hd__clkbuf_1)
     1    0.01                           net193 (net)
                  0.08    0.00    8.07 ^ wire130/A (sky130_fd_sc_hd__clkbuf_2)
                  0.05    0.10    8.17 ^ wire130/X (sky130_fd_sc_hd__clkbuf_2)
     3    0.01                           net130 (net)
                  0.05    0.00    8.17 ^ _08791_/C (sky130_fd_sc_hd__and3_1)
                  0.06    0.12    8.28 ^ _08791_/X (sky130_fd_sc_hd__and3_1)
     1    0.01                           _02395_ (net)
                  0.06    0.00    8.28 ^ _08796_/B1 (sky130_fd_sc_hd__a211o_4)
                  0.22    0.18    8.47 ^ _08796_/X (sky130_fd_sc_hd__a211o_4)
     6    0.11                           _02400_ (net)
                  0.24    0.05    8.52 ^ _10762_/D_N (sky130_fd_sc_hd__or4b_4)
                  0.08    0.33    8.85 v _10762_/X (sky130_fd_sc_hd__or4b_4)
     3    0.02                           _04544_ (net)
                  0.08    0.00    8.85 v _11278_/A1 (sky130_fd_sc_hd__a2111o_1)
                  0.07    0.27    9.13 v _11278_/X (sky130_fd_sc_hd__a2111o_1)
     3    0.01                           _05103_ (net)
                  0.07    0.00    9.13 v _11282_/A (sky130_fd_sc_hd__and2_2)
                  0.05    0.15    9.28 v _11282_/X (sky130_fd_sc_hd__and2_2)
     2    0.02                           _05108_ (net)
                  0.05    0.00    9.28 v _11360_/A1 (sky130_fd_sc_hd__o21a_2)
                  0.05    0.17    9.46 v _11360_/X (sky130_fd_sc_hd__o21a_2)
     2    0.02                           _05191_ (net)
                  0.05    0.00    9.46 v _11361_/B (sky130_fd_sc_hd__xor2_4)
                  0.47    0.41    9.87 ^ _11361_/X (sky130_fd_sc_hd__xor2_4)
     3    0.09                           net118 (net)
                  0.47    0.01    9.88 ^ output118/A (sky130_fd_sc_hd__clkbuf_4)
                  0.09    0.20   10.07 ^ output118/X (sky130_fd_sc_hd__clkbuf_4)
     1    0.03                           product[58] (net)
                  0.09    0.00   10.08 ^ product[58] (out)
                                 10.08   data arrival time

                  0.00   20.00   20.00   clock clk (rise edge)
                          0.00   20.00   clock network delay (ideal)
                         -0.25   19.75   clock uncertainty
                          0.00   19.75   clock reconvergence pessimism
                         -4.00   15.75   output external delay
                                 15.75   data required time
-----------------------------------------------------------------------------
                                 15.75   data required time
                                -10.08   data arrival time
-----------------------------------------------------------------------------
                                  5.67   slack (MET)



======================= Slowest Corner ===================================

Startpoint: mplier[4] (input port clocked by clk)
Endpoint: product[58] (output port clocked by clk)
Path Group: clk
Path Type: max
Corner: Slowest

Fanout     Cap    Slew   Delay    Time   Description
-----------------------------------------------------------------------------
                  0.00    0.00    0.00   clock clk (rise edge)
                          0.00    0.00   clock network delay (ideal)
                          4.00    4.00 ^ input external delay
                  0.03    0.02    4.02 ^ mplier[4] (in)
     1    0.00                           mplier[4] (net)
                  0.03    0.00    4.02 ^ input59/A (sky130_fd_sc_hd__buf_2)
                  0.48    0.49    4.51 ^ input59/X (sky130_fd_sc_hd__buf_2)
     3    0.06                           net59 (net)
                  0.48    0.01    4.52 ^ _05751_/A (sky130_fd_sc_hd__clkbuf_4)
                  0.25    0.59    5.10 ^ _05751_/X (sky130_fd_sc_hd__clkbuf_4)
    10    0.05                           _00854_ (net)
                  0.25    0.00    5.10 ^ _05809_/A (sky130_fd_sc_hd__buf_4)
                  0.34    0.51    5.61 ^ _05809_/X (sky130_fd_sc_hd__buf_4)
    10    0.08                           _01486_ (net)
                  0.34    0.00    5.62 ^ _08150_/B (sky130_fd_sc_hd__nand4_1)
                  0.29    0.40    6.02 v _08150_/Y (sky130_fd_sc_hd__nand4_1)
     2    0.01                           _01693_ (net)
                  0.29    0.00    6.02 v _08152_/D (sky130_fd_sc_hd__and4_1)
                  0.24    0.71    6.73 v _08152_/X (sky130_fd_sc_hd__and4_1)
     3    0.02                           _01696_ (net)
                  0.24    0.00    6.73 v _08154_/A2 (sky130_fd_sc_hd__o211ai_1)
                  0.23    0.34    7.07 ^ _08154_/Y (sky130_fd_sc_hd__o211ai_1)
     1    0.00                           _01698_ (net)
                  0.23    0.00    7.07 ^ _08155_/B (sky130_fd_sc_hd__and2_1)
                  0.20    0.40    7.47 ^ _08155_/X (sky130_fd_sc_hd__and2_1)
     2    0.01                           _01699_ (net)
                  0.20    0.00    7.47 ^ _08310_/B_N (sky130_fd_sc_hd__or2b_2)
                  0.17    0.84    8.31 v _08310_/X (sky130_fd_sc_hd__or2b_2)
     2    0.02                           _01868_ (net)
                  0.17    0.00    8.31 v _08324_/A2 (sky130_fd_sc_hd__a211oi_4)
                  0.50    0.65    8.97 ^ _08324_/Y (sky130_fd_sc_hd__a211oi_4)
     3    0.02                           _01884_ (net)
                  0.50    0.00    8.97 ^ _08325_/A (sky130_fd_sc_hd__inv_2)
                  0.16    0.28    9.25 v _08325_/Y (sky130_fd_sc_hd__inv_2)
     2    0.02                           _01885_ (net)
                  0.16    0.00    9.25 v _08328_/A1 (sky130_fd_sc_hd__a211oi_4)
                  0.80    0.85   10.10 ^ _08328_/Y (sky130_fd_sc_hd__a211oi_4)
     2    0.04                           _01888_ (net)
                  0.80    0.00   10.10 ^ _08329_/C (sky130_fd_sc_hd__nor3_1)
                  0.18    0.33   10.43 v _08329_/Y (sky130_fd_sc_hd__nor3_1)
     2    0.01                           _01889_ (net)
                  0.18    0.00   10.43 v max_cap143/A (sky130_fd_sc_hd__buf_1)
                  0.13    0.29   10.72 v max_cap143/X (sky130_fd_sc_hd__buf_1)
     2    0.01                           net143 (net)
                  0.13    0.00   10.72 v _08332_/A1 (sky130_fd_sc_hd__o211a_1)
                  0.12    0.51   11.23 v _08332_/X (sky130_fd_sc_hd__o211a_1)
     2    0.01                           _01893_ (net)
                  0.12    0.00   11.23 v _08334_/A2 (sky130_fd_sc_hd__o211a_1)
                  0.16    0.52   11.75 v _08334_/X (sky130_fd_sc_hd__o211a_1)
     3    0.01                           _01895_ (net)
                  0.16    0.00   11.75 v _08460_/B (sky130_fd_sc_hd__nor4_1)
                  0.79    0.85   12.61 ^ _08460_/Y (sky130_fd_sc_hd__nor4_1)
     2    0.01                           _02031_ (net)
                  0.79    0.00   12.61 ^ max_cap133/A (sky130_fd_sc_hd__clkbuf_1)
                  0.14    0.42   13.02 ^ max_cap133/X (sky130_fd_sc_hd__clkbuf_1)
     1    0.01                           net133 (net)
                  0.14    0.00   13.03 ^ _08626_/A2 (sky130_fd_sc_hd__o211ai_2)
                  0.26    0.30   13.33 v _08626_/Y (sky130_fd_sc_hd__o211ai_2)
     3    0.02                           _02214_ (net)
                  0.26    0.00   13.33 v _08629_/A1 (sky130_fd_sc_hd__a21o_1)
                  0.15    0.48   13.81 v _08629_/X (sky130_fd_sc_hd__a21o_1)
     2    0.02                           _02217_ (net)
                  0.15    0.00   13.82 v _08630_/C1 (sky130_fd_sc_hd__o211a_1)
                  0.17    0.35   14.17 v _08630_/X (sky130_fd_sc_hd__o211a_1)
     3    0.01                           _02218_ (net)
                  0.17    0.00   14.17 v _08632_/B (sky130_fd_sc_hd__or3_4)
                  0.14    0.83   14.99 v _08632_/X (sky130_fd_sc_hd__or3_4)
     3    0.01                           _02221_ (net)
                  0.14    0.00   14.99 v _08635_/A1 (sky130_fd_sc_hd__a21o_1)
                  0.17    0.44   15.44 v _08635_/X (sky130_fd_sc_hd__a21o_1)
     3    0.02                           _02224_ (net)
                  0.17    0.00   15.44 v _08789_/A1 (sky130_fd_sc_hd__a2111oi_4)
                  0.44    0.60   16.04 ^ _08789_/Y (sky130_fd_sc_hd__a2111oi_4)
     1    0.01                           _02392_ (net)
                  0.44    0.00   16.04 ^ wire1/A (sky130_fd_sc_hd__clkbuf_1)
                  0.17    0.36   16.40 ^ wire1/X (sky130_fd_sc_hd__clkbuf_1)
     1    0.01                           net193 (net)
                  0.17    0.00   16.40 ^ wire130/A (sky130_fd_sc_hd__clkbuf_2)
                  0.11    0.27   16.68 ^ wire130/X (sky130_fd_sc_hd__clkbuf_2)
     3    0.01                           net130 (net)
                  0.11    0.00   16.68 ^ _08790_/A (sky130_fd_sc_hd__and2_4)
                  0.07    0.31   16.98 ^ _08790_/X (sky130_fd_sc_hd__and2_4)
     1    0.01                           _02393_ (net)
                  0.07    0.00   16.98 ^ _08796_/A2 (sky130_fd_sc_hd__a211o_4)
                  0.42    0.52   17.50 ^ _08796_/X (sky130_fd_sc_hd__a211o_4)
     6    0.10                           _02400_ (net)
                  0.43    0.05   17.55 ^ _10762_/D_N (sky130_fd_sc_hd__or4b_4)
                  0.22    1.21   18.77 v _10762_/X (sky130_fd_sc_hd__or4b_4)
     3    0.02                           _04544_ (net)
                  0.22    0.00   18.77 v _11278_/A1 (sky130_fd_sc_hd__a2111o_1)
                  0.17    0.89   19.66 v _11278_/X (sky130_fd_sc_hd__a2111o_1)
     3    0.01                           _05103_ (net)
                  0.17    0.00   19.66 v _11282_/A (sky130_fd_sc_hd__and2_2)
                  0.14    0.51   20.17 v _11282_/X (sky130_fd_sc_hd__and2_2)
     2    0.02                           _05108_ (net)
                  0.14    0.00   20.17 v _11360_/A1 (sky130_fd_sc_hd__o21a_2)
                  0.13    0.52   20.69 v _11360_/X (sky130_fd_sc_hd__o21a_2)
     2    0.02                           _05191_ (net)
                  0.13    0.00   20.70 v _11361_/B (sky130_fd_sc_hd__xor2_4)
                  0.98    0.90   21.59 ^ _11361_/X (sky130_fd_sc_hd__xor2_4)
     3    0.09                           net118 (net)
                  0.98    0.01   21.60 ^ output118/A (sky130_fd_sc_hd__clkbuf_4)
                  0.19    0.72   22.32 ^ output118/X (sky130_fd_sc_hd__clkbuf_4)
     1    0.03                           product[58] (net)
                  0.19    0.00   22.32 ^ product[58] (out)
                                 22.32   data arrival time

                  0.00   20.00   20.00   clock clk (rise edge)
                          0.00   20.00   clock network delay (ideal)
                         -0.25   19.75   clock uncertainty
                          0.00   19.75   clock reconvergence pessimism
                         -4.00   15.75   output external delay
                                 15.75   data required time
-----------------------------------------------------------------------------
                                 15.75   data required time
                                -22.32   data arrival time
-----------------------------------------------------------------------------
                                 -6.57   slack (VIOLATED)



======================= Typical Corner ===================================

Startpoint: mplier[7] (input port clocked by clk)
Endpoint: product[58] (output port clocked by clk)
Path Group: clk
Path Type: max
Corner: Typical

Fanout     Cap    Slew   Delay    Time   Description
-----------------------------------------------------------------------------
                  0.00    0.00    0.00   clock clk (rise edge)
                          0.00    0.00   clock network delay (ideal)
                          4.00    4.00 ^ input external delay
                  0.02    0.01    4.01 ^ mplier[7] (in)
     1    0.00                           mplier[7] (net)
                  0.02    0.00    4.01 ^ input62/A (sky130_fd_sc_hd__buf_4)
                  0.32    0.29    4.30 ^ input62/X (sky130_fd_sc_hd__buf_4)
     5    0.12                           net62 (net)
                  0.33    0.04    4.35 ^ _05856_/A (sky130_fd_sc_hd__clkbuf_4)
                  0.17    0.33    4.68 ^ _05856_/X (sky130_fd_sc_hd__clkbuf_4)
    10    0.05                           _02000_ (net)
                  0.17    0.01    4.68 ^ _06106_/A (sky130_fd_sc_hd__buf_6)
                  0.19    0.25    4.93 ^ _06106_/X (sky130_fd_sc_hd__buf_6)
    10    0.10                           _04726_ (net)
                  0.19    0.01    4.94 ^ _06107_/A (sky130_fd_sc_hd__buf_4)
                  0.30    0.35    5.29 ^ _06107_/X (sky130_fd_sc_hd__buf_4)
    10    0.11                           _04737_ (net)
                  0.30    0.01    5.30 ^ _06108_/A (sky130_fd_sc_hd__buf_6)
                  0.21    0.29    5.59 ^ _06108_/X (sky130_fd_sc_hd__buf_6)
    10    0.10                           _04748_ (net)
                  0.21    0.01    5.60 ^ _08342_/A (sky130_fd_sc_hd__nand2_1)
                  0.09    0.13    5.73 v _08342_/Y (sky130_fd_sc_hd__nand2_1)
     1    0.01                           _01904_ (net)
                  0.09    0.00    5.73 v _08343_/B (sky130_fd_sc_hd__xor2_2)
                  0.08    0.19    5.92 v _08343_/X (sky130_fd_sc_hd__xor2_2)
     2    0.01                           _01905_ (net)
                  0.08    0.00    5.92 v _08482_/A1 (sky130_fd_sc_hd__a21oi_1)
                  0.16    0.18    6.10 ^ _08482_/Y (sky130_fd_sc_hd__a21oi_1)
     2    0.01                           _02056_ (net)
                  0.16    0.00    6.10 ^ _08496_/A_N (sky130_fd_sc_hd__and3b_1)
                  0.09    0.26    6.36 v _08496_/X (sky130_fd_sc_hd__and3b_1)
     3    0.01                           _02071_ (net)
                  0.09    0.00    6.36 v _08498_/B1 (sky130_fd_sc_hd__a211oi_2)
                  0.29    0.33    6.69 ^ _08498_/Y (sky130_fd_sc_hd__a211oi_2)
     2    0.01                           _02073_ (net)
                  0.29    0.00    6.69 ^ _08499_/A (sky130_fd_sc_hd__inv_2)
                  0.07    0.09    6.78 v _08499_/Y (sky130_fd_sc_hd__inv_2)
     2    0.01                           _02074_ (net)
                  0.07    0.00    6.78 v _08502_/A1 (sky130_fd_sc_hd__a211oi_2)
                  0.36    0.37    7.15 ^ _08502_/Y (sky130_fd_sc_hd__a211oi_2)
     2    0.02                           _02078_ (net)
                  0.36    0.00    7.15 ^ _08504_/A2 (sky130_fd_sc_hd__o21a_1)
                  0.25    0.32    7.47 ^ _08504_/X (sky130_fd_sc_hd__o21a_1)
     2    0.03                           _02080_ (net)
                  0.25    0.00    7.47 ^ _08506_/A2 (sky130_fd_sc_hd__o211a_1)
                  0.20    0.30    7.77 ^ _08506_/X (sky130_fd_sc_hd__o211a_1)
     2    0.02                           _02082_ (net)
                  0.20    0.00    7.77 ^ _08507_/C (sky130_fd_sc_hd__nor3_2)
                  0.10    0.10    7.87 v _08507_/Y (sky130_fd_sc_hd__nor3_2)
     4    0.01                           _02083_ (net)
                  0.10    0.00    7.87 v _08624_/A (sky130_fd_sc_hd__or4bb_4)
                  0.10    0.61    8.47 v _08624_/X (sky130_fd_sc_hd__or4bb_4)
     2    0.01                           _02212_ (net)
                  0.10    0.00    8.47 v _08627_/A1 (sky130_fd_sc_hd__a211o_4)
                  0.08    0.39    8.87 v _08627_/X (sky130_fd_sc_hd__a211o_4)
     3    0.02                           _02215_ (net)
                  0.08    0.00    8.87 v _08629_/A2 (sky130_fd_sc_hd__a21o_1)
                  0.08    0.25    9.12 v _08629_/X (sky130_fd_sc_hd__a21o_1)
     2    0.02                           _02217_ (net)
                  0.08    0.00    9.12 v _08630_/C1 (sky130_fd_sc_hd__o211a_1)
                  0.09    0.18    9.30 v _08630_/X (sky130_fd_sc_hd__o211a_1)
     3    0.01                           _02218_ (net)
                  0.09    0.00    9.30 v _08632_/B (sky130_fd_sc_hd__or3_4)
                  0.08    0.41    9.71 v _08632_/X (sky130_fd_sc_hd__or3_4)
     3    0.01                           _02221_ (net)
                  0.08    0.00    9.71 v _08635_/A1 (sky130_fd_sc_hd__a21o_1)
                  0.09    0.23    9.94 v _08635_/X (sky130_fd_sc_hd__a21o_1)
     3    0.02                           _02224_ (net)
                  0.09    0.00    9.94 v _08789_/A1 (sky130_fd_sc_hd__a2111oi_4)
                  0.28    0.34   10.29 ^ _08789_/Y (sky130_fd_sc_hd__a2111oi_4)
     1    0.01                           _02392_ (net)
                  0.28    0.00   10.29 ^ wire1/A (sky130_fd_sc_hd__clkbuf_1)
                  0.10    0.17   10.46 ^ wire1/X (sky130_fd_sc_hd__clkbuf_1)
     1    0.01                           net193 (net)
                  0.10    0.00   10.46 ^ wire130/A (sky130_fd_sc_hd__clkbuf_2)
                  0.07    0.15   10.61 ^ wire130/X (sky130_fd_sc_hd__clkbuf_2)
     3    0.01                           net130 (net)
                  0.07    0.00   10.61 ^ _08791_/C (sky130_fd_sc_hd__and3_1)
                  0.08    0.19   10.80 ^ _08791_/X (sky130_fd_sc_hd__and3_1)
     1    0.01                           _02395_ (net)
                  0.08    0.00   10.80 ^ _08796_/B1 (sky130_fd_sc_hd__a211o_4)
                  0.30    0.27   11.07 ^ _08796_/X (sky130_fd_sc_hd__a211o_4)
     6    0.11                           _02400_ (net)
                  0.31    0.05   11.13 ^ _10762_/D_N (sky130_fd_sc_hd__or4b_4)
                  0.12    0.59   11.71 v _10762_/X (sky130_fd_sc_hd__or4b_4)
     3    0.02                           _04544_ (net)
                  0.12    0.00   11.72 v _11278_/A1 (sky130_fd_sc_hd__a2111o_1)
                  0.09    0.45   12.17 v _11278_/X (sky130_fd_sc_hd__a2111o_1)
     3    0.01                           _05103_ (net)
                  0.09    0.00   12.17 v _11282_/A (sky130_fd_sc_hd__and2_2)
                  0.07    0.24   12.41 v _11282_/X (sky130_fd_sc_hd__and2_2)
     2    0.02                           _05108_ (net)
                  0.07    0.00   12.41 v _11360_/A1 (sky130_fd_sc_hd__o21a_2)
                  0.07    0.27   12.68 v _11360_/X (sky130_fd_sc_hd__o21a_2)
     2    0.02                           _05191_ (net)
                  0.07    0.00   12.68 v _11361_/B (sky130_fd_sc_hd__xor2_4)
                  0.63    0.56   13.24 ^ _11361_/X (sky130_fd_sc_hd__xor2_4)
     3    0.09                           net118 (net)
                  0.63    0.01   13.25 ^ output118/A (sky130_fd_sc_hd__clkbuf_4)
                  0.12    0.36   13.61 ^ output118/X (sky130_fd_sc_hd__clkbuf_4)
     1    0.03                           product[58] (net)
                  0.12    0.00   13.61 ^ product[58] (out)
                                 13.61   data arrival time

                  0.00   20.00   20.00   clock clk (rise edge)
                          0.00   20.00   clock network delay (ideal)
                         -0.25   19.75   clock uncertainty
                          0.00   19.75   clock reconvergence pessimism
                         -4.00   15.75   output external delay
                                 15.75   data required time
-----------------------------------------------------------------------------
                                 15.75   data required time
                                -13.61   data arrival time
-----------------------------------------------------------------------------
                                  2.14   slack (MET)




===========================================================================
report_checks --slack_max -0.01
============================================================================
======================= Fastest Corner ===================================

No paths found.

======================= Slowest Corner ===================================

Startpoint: mplier[4] (input port clocked by clk)
Endpoint: product[58] (output port clocked by clk)
Path Group: clk
Path Type: max
Corner: Slowest

Fanout     Cap    Slew   Delay    Time   Description
-----------------------------------------------------------------------------
                  0.00    0.00    0.00   clock clk (rise edge)
                          0.00    0.00   clock network delay (ideal)
                          4.00    4.00 ^ input external delay
                  0.03    0.02    4.02 ^ mplier[4] (in)
     1    0.00                           mplier[4] (net)
                  0.03    0.00    4.02 ^ input59/A (sky130_fd_sc_hd__buf_2)
                  0.48    0.49    4.51 ^ input59/X (sky130_fd_sc_hd__buf_2)
     3    0.06                           net59 (net)
                  0.48    0.01    4.52 ^ _05751_/A (sky130_fd_sc_hd__clkbuf_4)
                  0.25    0.59    5.10 ^ _05751_/X (sky130_fd_sc_hd__clkbuf_4)
    10    0.05                           _00854_ (net)
                  0.25    0.00    5.10 ^ _05809_/A (sky130_fd_sc_hd__buf_4)
                  0.34    0.51    5.61 ^ _05809_/X (sky130_fd_sc_hd__buf_4)
    10    0.08                           _01486_ (net)
                  0.34    0.00    5.62 ^ _08150_/B (sky130_fd_sc_hd__nand4_1)
                  0.29    0.40    6.02 v _08150_/Y (sky130_fd_sc_hd__nand4_1)
     2    0.01                           _01693_ (net)
                  0.29    0.00    6.02 v _08152_/D (sky130_fd_sc_hd__and4_1)
                  0.24    0.71    6.73 v _08152_/X (sky130_fd_sc_hd__and4_1)
     3    0.02                           _01696_ (net)
                  0.24    0.00    6.73 v _08154_/A2 (sky130_fd_sc_hd__o211ai_1)
                  0.23    0.34    7.07 ^ _08154_/Y (sky130_fd_sc_hd__o211ai_1)
     1    0.00                           _01698_ (net)
                  0.23    0.00    7.07 ^ _08155_/B (sky130_fd_sc_hd__and2_1)
                  0.20    0.40    7.47 ^ _08155_/X (sky130_fd_sc_hd__and2_1)
     2    0.01                           _01699_ (net)
                  0.20    0.00    7.47 ^ _08310_/B_N (sky130_fd_sc_hd__or2b_2)
                  0.17    0.84    8.31 v _08310_/X (sky130_fd_sc_hd__or2b_2)
     2    0.02                           _01868_ (net)
                  0.17    0.00    8.31 v _08324_/A2 (sky130_fd_sc_hd__a211oi_4)
                  0.50    0.65    8.97 ^ _08324_/Y (sky130_fd_sc_hd__a211oi_4)
     3    0.02                           _01884_ (net)
                  0.50    0.00    8.97 ^ _08325_/A (sky130_fd_sc_hd__inv_2)
                  0.16    0.28    9.25 v _08325_/Y (sky130_fd_sc_hd__inv_2)
     2    0.02                           _01885_ (net)
                  0.16    0.00    9.25 v _08328_/A1 (sky130_fd_sc_hd__a211oi_4)
                  0.80    0.85   10.10 ^ _08328_/Y (sky130_fd_sc_hd__a211oi_4)
     2    0.04                           _01888_ (net)
                  0.80    0.00   10.10 ^ _08329_/C (sky130_fd_sc_hd__nor3_1)
                  0.18    0.33   10.43 v _08329_/Y (sky130_fd_sc_hd__nor3_1)
     2    0.01                           _01889_ (net)
                  0.18    0.00   10.43 v max_cap143/A (sky130_fd_sc_hd__buf_1)
                  0.13    0.29   10.72 v max_cap143/X (sky130_fd_sc_hd__buf_1)
     2    0.01                           net143 (net)
                  0.13    0.00   10.72 v _08332_/A1 (sky130_fd_sc_hd__o211a_1)
                  0.12    0.51   11.23 v _08332_/X (sky130_fd_sc_hd__o211a_1)
     2    0.01                           _01893_ (net)
                  0.12    0.00   11.23 v _08334_/A2 (sky130_fd_sc_hd__o211a_1)
                  0.16    0.52   11.75 v _08334_/X (sky130_fd_sc_hd__o211a_1)
     3    0.01                           _01895_ (net)
                  0.16    0.00   11.75 v _08460_/B (sky130_fd_sc_hd__nor4_1)
                  0.79    0.85   12.61 ^ _08460_/Y (sky130_fd_sc_hd__nor4_1)
     2    0.01                           _02031_ (net)
                  0.79    0.00   12.61 ^ max_cap133/A (sky130_fd_sc_hd__clkbuf_1)
                  0.14    0.42   13.02 ^ max_cap133/X (sky130_fd_sc_hd__clkbuf_1)
     1    0.01                           net133 (net)
                  0.14    0.00   13.03 ^ _08626_/A2 (sky130_fd_sc_hd__o211ai_2)
                  0.26    0.30   13.33 v _08626_/Y (sky130_fd_sc_hd__o211ai_2)
     3    0.02                           _02214_ (net)
                  0.26    0.00   13.33 v _08629_/A1 (sky130_fd_sc_hd__a21o_1)
                  0.15    0.48   13.81 v _08629_/X (sky130_fd_sc_hd__a21o_1)
     2    0.02                           _02217_ (net)
                  0.15    0.00   13.82 v _08630_/C1 (sky130_fd_sc_hd__o211a_1)
                  0.17    0.35   14.17 v _08630_/X (sky130_fd_sc_hd__o211a_1)
     3    0.01                           _02218_ (net)
                  0.17    0.00   14.17 v _08632_/B (sky130_fd_sc_hd__or3_4)
                  0.14    0.83   14.99 v _08632_/X (sky130_fd_sc_hd__or3_4)
     3    0.01                           _02221_ (net)
                  0.14    0.00   14.99 v _08635_/A1 (sky130_fd_sc_hd__a21o_1)
                  0.17    0.44   15.44 v _08635_/X (sky130_fd_sc_hd__a21o_1)
     3    0.02                           _02224_ (net)
                  0.17    0.00   15.44 v _08789_/A1 (sky130_fd_sc_hd__a2111oi_4)
                  0.44    0.60   16.04 ^ _08789_/Y (sky130_fd_sc_hd__a2111oi_4)
     1    0.01                           _02392_ (net)
                  0.44    0.00   16.04 ^ wire1/A (sky130_fd_sc_hd__clkbuf_1)
                  0.17    0.36   16.40 ^ wire1/X (sky130_fd_sc_hd__clkbuf_1)
     1    0.01                           net193 (net)
                  0.17    0.00   16.40 ^ wire130/A (sky130_fd_sc_hd__clkbuf_2)
                  0.11    0.27   16.68 ^ wire130/X (sky130_fd_sc_hd__clkbuf_2)
     3    0.01                           net130 (net)
                  0.11    0.00   16.68 ^ _08790_/A (sky130_fd_sc_hd__and2_4)
                  0.07    0.31   16.98 ^ _08790_/X (sky130_fd_sc_hd__and2_4)
     1    0.01                           _02393_ (net)
                  0.07    0.00   16.98 ^ _08796_/A2 (sky130_fd_sc_hd__a211o_4)
                  0.42    0.52   17.50 ^ _08796_/X (sky130_fd_sc_hd__a211o_4)
     6    0.10                           _02400_ (net)
                  0.43    0.05   17.55 ^ _10762_/D_N (sky130_fd_sc_hd__or4b_4)
                  0.22    1.21   18.77 v _10762_/X (sky130_fd_sc_hd__or4b_4)
     3    0.02                           _04544_ (net)
                  0.22    0.00   18.77 v _11278_/A1 (sky130_fd_sc_hd__a2111o_1)
                  0.17    0.89   19.66 v _11278_/X (sky130_fd_sc_hd__a2111o_1)
     3    0.01                           _05103_ (net)
                  0.17    0.00   19.66 v _11282_/A (sky130_fd_sc_hd__and2_2)
                  0.14    0.51   20.17 v _11282_/X (sky130_fd_sc_hd__and2_2)
     2    0.02                           _05108_ (net)
                  0.14    0.00   20.17 v _11360_/A1 (sky130_fd_sc_hd__o21a_2)
                  0.13    0.52   20.69 v _11360_/X (sky130_fd_sc_hd__o21a_2)
     2    0.02                           _05191_ (net)
                  0.13    0.00   20.70 v _11361_/B (sky130_fd_sc_hd__xor2_4)
                  0.98    0.90   21.59 ^ _11361_/X (sky130_fd_sc_hd__xor2_4)
     3    0.09                           net118 (net)
                  0.98    0.01   21.60 ^ output118/A (sky130_fd_sc_hd__clkbuf_4)
                  0.19    0.72   22.32 ^ output118/X (sky130_fd_sc_hd__clkbuf_4)
     1    0.03                           product[58] (net)
                  0.19    0.00   22.32 ^ product[58] (out)
                                 22.32   data arrival time

                  0.00   20.00   20.00   clock clk (rise edge)
                          0.00   20.00   clock network delay (ideal)
                         -0.25   19.75   clock uncertainty
                          0.00   19.75   clock reconvergence pessimism
                         -4.00   15.75   output external delay
                                 15.75   data required time
-----------------------------------------------------------------------------
                                 15.75   data required time
                                -22.32   data arrival time
-----------------------------------------------------------------------------
                                 -6.57   slack (VIOLATED)



======================= Typical Corner ===================================

No paths found.


===========================================================================
 report_check_types -max_slew -max_cap -max_fanout -violators
============================================================================
======================= Fastest Corner ===================================

max fanout

Pin                                   Limit Fanout  Slack
---------------------------------------------------------
_05920_/X                                10     13     -3 (VIOLATED)
_06411_/X                                10     13     -3 (VIOLATED)
_07087_/X                                10     13     -3 (VIOLATED)
_05768_/X                                10     12     -2 (VIOLATED)
_05769_/X                                10     12     -2 (VIOLATED)
_06336_/X                                10     12     -2 (VIOLATED)
_07297_/X                                10     12     -2 (VIOLATED)
_08082_/X                                10     12     -2 (VIOLATED)
_08640_/X                                10     12     -2 (VIOLATED)
_05762_/X                                10     11        (VIOLATED)
_05810_/X                                10     11        (VIOLATED)
_05876_/X                                10     11        (VIOLATED)
_05918_/X                                10     11        (VIOLATED)
_05926_/X                                10     11        (VIOLATED)
_06047_/X                                10     11        (VIOLATED)
_06131_/X                                10     11        (VIOLATED)
_06210_/X                                10     11        (VIOLATED)
_06423_/X                                10     11        (VIOLATED)
_06455_/X                                10     11        (VIOLATED)
_06614_/X                                10     11        (VIOLATED)
_06914_/X                                10     11        (VIOLATED)
_06973_/X                                10     11        (VIOLATED)
_07108_/X                                10     11        (VIOLATED)
_07287_/X                                10     11        (VIOLATED)
_07290_/X                                10     11        (VIOLATED)
_08068_/X                                10     11        (VIOLATED)
_08130_/X                                10     11        (VIOLATED)
_08412_/X                                10     11        (VIOLATED)
_08593_/X                                10     11        (VIOLATED)
_08746_/X                                10     11        (VIOLATED)
_09064_/X                                10     11        (VIOLATED)
_09198_/X                                10     11        (VIOLATED)
_09209_/X                                10     11        (VIOLATED)
_09221_/X                                10     11        (VIOLATED)
_09222_/X                                10     11        (VIOLATED)
_09223_/X                                10     11        (VIOLATED)
_09352_/X                                10     11        (VIOLATED)
_09796_/X                                10     11        (VIOLATED)
input1/X                                 10     11        (VIOLATED)
input37/X                                10     11        (VIOLATED)
input38/X                                10     11        (VIOLATED)


max slew violations count Fastest: 0
max fanout violations count Fastest: 41
max cap violations count Fastest: 0
======================= Slowest Corner ===================================

max slew

Pin                                    Limit    Slew   Slack
------------------------------------------------------------
output69/A                              0.75    1.26   -0.51 (VIOLATED)
_06323_/X                               0.75    1.26   -0.51 (VIOLATED)
output76/A                              0.75    1.08   -0.33 (VIOLATED)
_11457_/Y                               0.75    1.08   -0.33 (VIOLATED)
_09829_/A                               0.75    1.06   -0.31 (VIOLATED)
_09958_/A                               0.75    1.06   -0.31 (VIOLATED)
_09957_/A                               0.75    1.06   -0.31 (VIOLATED)
_09826_/X                               0.75    1.06   -0.31 (VIOLATED)
output116/A                             0.75    1.05   -0.30 (VIOLATED)
ANTENNA_32/DIODE                        0.75    1.05   -0.30 (VIOLATED)
_11283_/Y                               0.75    1.05   -0.30 (VIOLATED)
_09096_/B1                              0.75    1.03   -0.28 (VIOLATED)
_09095_/Y                               0.75    1.03   -0.28 (VIOLATED)
_09252_/A                               0.75    1.00   -0.25 (VIOLATED)
_09399_/A                               0.75    1.00   -0.25 (VIOLATED)
_09249_/Y                               0.75    1.00   -0.25 (VIOLATED)
_07137_/A                               0.75    0.99   -0.24 (VIOLATED)
_07072_/Y                               0.75    0.99   -0.24 (VIOLATED)
_07138_/A1                              0.75    0.99   -0.24 (VIOLATED)
_07151_/B                               0.75    0.99   -0.24 (VIOLATED)
_07272_/A2                              0.75    0.99   -0.24 (VIOLATED)
output118/A                             0.75    0.98   -0.23 (VIOLATED)
ANTENNA_51/DIODE                        0.75    0.98   -0.23 (VIOLATED)
ANTENNA_52/DIODE                        0.75    0.98   -0.23 (VIOLATED)
_11361_/X                               0.75    0.98   -0.23 (VIOLATED)
output117/A                             0.75    0.98   -0.23 (VIOLATED)
ANTENNA_50/DIODE                        0.75    0.98   -0.23 (VIOLATED)
ANTENNA_49/DIODE                        0.75    0.98   -0.23 (VIOLATED)
_11324_/Y                               0.75    0.97   -0.22 (VIOLATED)
output78/A                              0.75    0.97   -0.22 (VIOLATED)
ANTENNA_28/DIODE                        0.75    0.97   -0.22 (VIOLATED)
_07150_/Y                               0.75    0.97   -0.22 (VIOLATED)
output91/A                              0.75    0.96   -0.21 (VIOLATED)
_08952_/X                               0.75    0.96   -0.21 (VIOLATED)
output102/A                             0.75    0.95   -0.20 (VIOLATED)
_10297_/X                               0.75    0.95   -0.20 (VIOLATED)
output126/A                             0.75    0.95   -0.20 (VIOLATED)
_05893_/X                               0.75    0.95   -0.20 (VIOLATED)
_10768_/B                               0.75    0.91   -0.16 (VIOLATED)
_10849_/B                               0.75    0.91   -0.16 (VIOLATED)
_11278_/A2                              0.75    0.91   -0.16 (VIOLATED)
_10767_/Y                               0.75    0.91   -0.16 (VIOLATED)
output108/A                             0.75    0.90   -0.15 (VIOLATED)
_10851_/Y                               0.75    0.90   -0.15 (VIOLATED)
output70/A                              0.75    0.90   -0.15 (VIOLATED)
_09093_/A                               0.75    0.90   -0.15 (VIOLATED)
_09254_/A                               0.75    0.90   -0.15 (VIOLATED)
_06406_/Y                               0.75    0.90   -0.15 (VIOLATED)
_09090_/Y                               0.75    0.90   -0.15 (VIOLATED)
output98/A                              0.75    0.88   -0.13 (VIOLATED)
_11460_/Y                               0.75    0.88   -0.13 (VIOLATED)
_09547_/A                               0.75    0.88   -0.13 (VIOLATED)
_09689_/A                               0.75    0.88   -0.13 (VIOLATED)
_09544_/Y                               0.75    0.88   -0.13 (VIOLATED)
_09962_/B                               0.75    0.87   -0.12 (VIOLATED)
_09963_/A2                              0.75    0.87   -0.12 (VIOLATED)
_10190_/B                               0.75    0.87   -0.12 (VIOLATED)
ANTENNA_14/DIODE                        0.75    0.87   -0.12 (VIOLATED)
_10399_/A1                              0.75    0.87   -0.12 (VIOLATED)
_09961_/Y                               0.75    0.87   -0.12 (VIOLATED)
output111/A                             0.75    0.87   -0.12 (VIOLATED)
_10996_/Y                               0.75    0.87   -0.12 (VIOLATED)
output81/A                              0.75    0.86   -0.11 (VIOLATED)
_07541_/X                               0.75    0.86   -0.11 (VIOLATED)
output83/A                              0.75    0.86   -0.11 (VIOLATED)
_07811_/Y                               0.75    0.85   -0.10 (VIOLATED)
_09252_/B                               0.75    0.85   -0.10 (VIOLATED)
_09399_/B                               0.75    0.85   -0.10 (VIOLATED)
_09251_/Y                               0.75    0.85   -0.10 (VIOLATED)
_08798_/B                               0.75    0.84   -0.09 (VIOLATED)
_08785_/B                               0.75    0.84   -0.09 (VIOLATED)
_08784_/Y                               0.75    0.84   -0.09 (VIOLATED)
_09546_/A2                              0.75    0.83   -0.08 (VIOLATED)
_09398_/B                               0.75    0.83   -0.08 (VIOLATED)
_09397_/X                               0.75    0.83   -0.08 (VIOLATED)
output93/A                              0.75    0.81   -0.06 (VIOLATED)
_09265_/X                               0.75    0.81   -0.06 (VIOLATED)
_08939_/B                               0.75    0.81   -0.06 (VIOLATED)
_09096_/A2                              0.75    0.81   -0.06 (VIOLATED)
_08938_/X                               0.75    0.81   -0.06 (VIOLATED)
_08795_/B1                              0.75    0.81   -0.06 (VIOLATED)
_08792_/Y                               0.75    0.81   -0.06 (VIOLATED)
_08330_/A2                              0.75    0.80   -0.05 (VIOLATED)
_08329_/C                               0.75    0.80   -0.05 (VIOLATED)
_08328_/Y                               0.75    0.80   -0.05 (VIOLATED)
_08951_/A2                              0.75    0.80   -0.05 (VIOLATED)
_08788_/B                               0.75    0.80   -0.05 (VIOLATED)
_09107_/B2                              0.75    0.80   -0.05 (VIOLATED)
_08787_/Y                               0.75    0.80   -0.05 (VIOLATED)
_06895_/B                               0.75    0.79   -0.04 (VIOLATED)
_06832_/Y                               0.75    0.79   -0.04 (VIOLATED)
_06896_/A2                              0.75    0.79   -0.04 (VIOLATED)
_09817_/Y                               0.75    0.79   -0.04 (VIOLATED)
_09820_/A1                              0.75    0.79   -0.04 (VIOLATED)
max_cap138/A                            0.75    0.79   -0.04 (VIOLATED)
_08460_/Y                               0.75    0.79   -0.04 (VIOLATED)
_08627_/C1                              0.75    0.79   -0.04 (VIOLATED)
max_cap133/A                            0.75    0.79   -0.04 (VIOLATED)
_10276_/Y                               0.75    0.79   -0.04 (VIOLATED)
_10278_/B1                              0.75    0.79   -0.04 (VIOLATED)
_10279_/A1                              0.75    0.79   -0.04 (VIOLATED)
_10342_/B                               0.75    0.79   -0.04 (VIOLATED)
_09940_/Y                               0.75    0.78   -0.03 (VIOLATED)
_09942_/B1                              0.75    0.78   -0.03 (VIOLATED)
max_cap137/A                            0.75    0.78   -0.03 (VIOLATED)
output107/A                             0.75    0.78   -0.03 (VIOLATED)
_10769_/Y                               0.75    0.78   -0.03 (VIOLATED)
_07447_/A                               0.75    0.78   -0.03 (VIOLATED)
_07549_/A                               0.75    0.78   -0.03 (VIOLATED)
_07445_/Y                               0.75    0.78   -0.03 (VIOLATED)
_09458_/A                               0.75    0.77   -0.02 (VIOLATED)
_09459_/B1                              0.75    0.77   -0.02 (VIOLATED)
_09563_/A                               0.75    0.77   -0.02 (VIOLATED)
_09439_/X                               0.75    0.77   -0.02 (VIOLATED)
_06640_/B1                              0.75    0.77   -0.02 (VIOLATED)
_06639_/A                               0.75    0.77   -0.02 (VIOLATED)
_06631_/Y                               0.75    0.77   -0.02 (VIOLATED)
_09093_/B                               0.75    0.76   -0.01 (VIOLATED)
_09254_/B                               0.75    0.76   -0.01 (VIOLATED)
_09092_/Y                               0.75    0.76   -0.01 (VIOLATED)
_10743_/A2                              0.75    0.76   -0.01 (VIOLATED)
_10744_/C1                              0.75    0.76   -0.01 (VIOLATED)
_10662_/A1                              0.75    0.76   -0.01 (VIOLATED)
_10661_/B                               0.75    0.76   -0.01 (VIOLATED)
_10659_/Y                               0.75    0.76   -0.01 (VIOLATED)
_07252_/C                               0.75    0.76   -0.01 (VIOLATED)
_07385_/B1                              0.75    0.76   -0.01 (VIOLATED)
_07384_/A1                              0.75    0.76   -0.01 (VIOLATED)
_07253_/B1                              0.75    0.76   -0.01 (VIOLATED)
_07431_/A1                              0.75    0.76   -0.01 (VIOLATED)
_07323_/C                               0.75    0.76   -0.01 (VIOLATED)
_07250_/Y                               0.75    0.76   -0.01 (VIOLATED)
output127/A                             0.75    0.75   -0.00 (VIOLATED)
_06894_/C1                              0.75    0.75   -0.00 (VIOLATED)
_06833_/Y                               0.75    0.75   -0.00 (VIOLATED)
_06893_/A2                              0.75    0.75   -0.00 (VIOLATED)
_05945_/Y                               0.75    0.75   -0.00 (VIOLATED)
output66/A                              0.75    0.75   -0.00 (VIOLATED)
ANTENNA_45/DIODE                        0.75    0.75   -0.00 (VIOLATED)
_06078_/X                               0.75    0.75   -0.00 (VIOLATED)
_08106_/B1                              0.75    0.75   -0.00 (VIOLATED)
_08270_/A1                              0.75    0.75   -0.00 (VIOLATED)
_08105_/C                               0.75    0.75   -0.00 (VIOLATED)
_08206_/C                               0.75    0.75   -0.00 (VIOLATED)
_08271_/B1                              0.75    0.75   -0.00 (VIOLATED)
_08335_/A1                              0.75    0.75   -0.00 (VIOLATED)
_08103_/Y                               0.75    0.75   -0.00 (VIOLATED)
_07074_/Y                               0.75    0.75   -0.00 (VIOLATED)
_07135_/A2                              0.75    0.75   -0.00 (VIOLATED)
_07136_/C1                              0.75    0.75   -0.00 (VIOLATED)

max fanout

Pin                                   Limit Fanout  Slack
---------------------------------------------------------
_05920_/X                                10     13     -3 (VIOLATED)
_06411_/X                                10     13     -3 (VIOLATED)
_07087_/X                                10     13     -3 (VIOLATED)
_05768_/X                                10     12     -2 (VIOLATED)
_05769_/X                                10     12     -2 (VIOLATED)
_06336_/X                                10     12     -2 (VIOLATED)
_07297_/X                                10     12     -2 (VIOLATED)
_08082_/X                                10     12     -2 (VIOLATED)
_08640_/X                                10     12     -2 (VIOLATED)
_05762_/X                                10     11        (VIOLATED)
_05810_/X                                10     11        (VIOLATED)
_05876_/X                                10     11        (VIOLATED)
_05918_/X                                10     11        (VIOLATED)
_05926_/X                                10     11        (VIOLATED)
_06047_/X                                10     11        (VIOLATED)
_06131_/X                                10     11        (VIOLATED)
_06210_/X                                10     11        (VIOLATED)
_06423_/X                                10     11        (VIOLATED)
_06455_/X                                10     11        (VIOLATED)
_06614_/X                                10     11        (VIOLATED)
_06914_/X                                10     11        (VIOLATED)
_06973_/X                                10     11        (VIOLATED)
_07108_/X                                10     11        (VIOLATED)
_07287_/X                                10     11        (VIOLATED)
_07290_/X                                10     11        (VIOLATED)
_08068_/X                                10     11        (VIOLATED)
_08130_/X                                10     11        (VIOLATED)
_08412_/X                                10     11        (VIOLATED)
_08593_/X                                10     11        (VIOLATED)
_08746_/X                                10     11        (VIOLATED)
_09064_/X                                10     11        (VIOLATED)
_09198_/X                                10     11        (VIOLATED)
_09209_/X                                10     11        (VIOLATED)
_09221_/X                                10     11        (VIOLATED)
_09222_/X                                10     11        (VIOLATED)
_09223_/X                                10     11        (VIOLATED)
_09352_/X                                10     11        (VIOLATED)
_09796_/X                                10     11        (VIOLATED)
input1/X                                 10     11        (VIOLATED)
input37/X                                10     11        (VIOLATED)
input38/X                                10     11        (VIOLATED)


max slew violations count Slowest: 150
max fanout violations count Slowest: 41
max cap violations count Slowest: 0
======================= Typical Corner ===================================

max slew

Pin                                    Limit    Slew   Slack
------------------------------------------------------------
output69/A                              0.75    0.82   -0.07 (VIOLATED)
_06323_/X                               0.75    0.82   -0.07 (VIOLATED)

max fanout

Pin                                   Limit Fanout  Slack
---------------------------------------------------------
_05920_/X                                10     13     -3 (VIOLATED)
_06411_/X                                10     13     -3 (VIOLATED)
_07087_/X                                10     13     -3 (VIOLATED)
_05768_/X                                10     12     -2 (VIOLATED)
_05769_/X                                10     12     -2 (VIOLATED)
_06336_/X                                10     12     -2 (VIOLATED)
_07297_/X                                10     12     -2 (VIOLATED)
_08082_/X                                10     12     -2 (VIOLATED)
_08640_/X                                10     12     -2 (VIOLATED)
_05762_/X                                10     11        (VIOLATED)
_05810_/X                                10     11        (VIOLATED)
_05876_/X                                10     11        (VIOLATED)
_05918_/X                                10     11        (VIOLATED)
_05926_/X                                10     11        (VIOLATED)
_06047_/X                                10     11        (VIOLATED)
_06131_/X                                10     11        (VIOLATED)
_06210_/X                                10     11        (VIOLATED)
_06423_/X                                10     11        (VIOLATED)
_06455_/X                                10     11        (VIOLATED)
_06614_/X                                10     11        (VIOLATED)
_06914_/X                                10     11        (VIOLATED)
_06973_/X                                10     11        (VIOLATED)
_07108_/X                                10     11        (VIOLATED)
_07287_/X                                10     11        (VIOLATED)
_07290_/X                                10     11        (VIOLATED)
_08068_/X                                10     11        (VIOLATED)
_08130_/X                                10     11        (VIOLATED)
_08412_/X                                10     11        (VIOLATED)
_08593_/X                                10     11        (VIOLATED)
_08746_/X                                10     11        (VIOLATED)
_09064_/X                                10     11        (VIOLATED)
_09198_/X                                10     11        (VIOLATED)
_09209_/X                                10     11        (VIOLATED)
_09221_/X                                10     11        (VIOLATED)
_09222_/X                                10     11        (VIOLATED)
_09223_/X                                10     11        (VIOLATED)
_09352_/X                                10     11        (VIOLATED)
_09796_/X                                10     11        (VIOLATED)
input1/X                                 10     11        (VIOLATED)
input37/X                                10     11        (VIOLATED)
input38/X                                10     11        (VIOLATED)


max slew violations count Typical: 2
max fanout violations count Typical: 41
max cap violations count Typical: 0

===========================================================================
report_parasitic_annotation -report_unannotated
============================================================================
Found 0 unannotated drivers.
Found 0 partially unannotated drivers.

===========================================================================
max slew violation count 150
max fanout violation count 41
max cap violation count 0
============================================================================

===========================================================================
check_setup -verbose -unconstrained_endpoints -multiple_clock -no_clock -no_input_delay -loops -generated_clocks
===========================================================================
