Partial/Required:  3.21, Required:    400.0, Partial:  1282.33, Net: net76, Pin: output76/A, Layer: met3
Partial/Required:  2.21, Required:    400.0, Partial:   885.09, Net: net93, Pin: output93/A, Layer: met1
Partial/Required:  2.09, Required:    400.0, Partial:   837.11, Net: net69, Pin: output69/A, Layer: met4
Partial/Required:  1.82, Required:    400.0, Partial:   726.55, Net: _00428_, Pin: _05713_/A, Layer: met3
Partial/Required:  1.82, Required:    400.0, Partial:   726.55, Net: _00428_, Pin: _05896_/A, Layer: met3
Partial/Required:  1.82, Required:    400.0, Partial:   726.55, Net: _00428_, Pin: _05753_/A, Layer: met3
Partial/Required:  1.68, Required:    400.0, Partial:   673.89, Net: _02054_, Pin: _06987_/A, Layer: met1
Partial/Required:  1.57, Required:    400.0, Partial:   628.21, Net: net102, Pin: output102/A, Layer: met3
Partial/Required:  1.43, Required:    400.0, Partial:   573.22, Net: _01682_, Pin: _08142_/B, Layer: met3
Partial/Required:  1.43, Required:    400.0, Partial:   573.22, Net: _01682_, Pin: _08141_/B, Layer: met3
Partial/Required:  1.33, Required:    400.0, Partial:   532.17, Net: _01771_, Pin: _08402_/A, Layer: met3
Partial/Required:  1.28, Required:    400.0, Partial:   512.89, Net: _04976_, Pin: _06130_/B, Layer: met3
Partial/Required:  1.21, Required:    400.0, Partial:   482.92, Net: net6, Pin: _10084_/A, Layer: met3
Partial/Required:  1.16, Required:    400.0, Partial:   464.36, Net: _03100_, Pin: _09458_/A, Layer: met3
Partial/Required:  1.16, Required:    400.0, Partial:   464.36, Net: _03100_, Pin: _09459_/B1, Layer: met3
Partial/Required:  1.16, Required:    400.0, Partial:   464.36, Net: _03100_, Pin: _09563_/A, Layer: met3
Partial/Required:  1.08, Required:    400.0, Partial:   430.81, Net: _01441_, Pin: _09661_/A2, Layer: met3
Partial/Required:  1.08, Required:    400.0, Partial:   430.81, Net: _01441_, Pin: _10870_/A, Layer: met3
Partial/Required:  1.08, Required:    400.0, Partial:   430.81, Net: _01441_, Pin: _10871_/B2, Layer: met3
Partial/Required:  1.00, Required:    400.0, Partial:   400.15, Net: net91, Pin: output91/A, Layer: met3
