
===========================================================================
 report_power
============================================================================
======================= Fastest Corner ===================================

Group                  Internal  Switching    Leakage      Total
                          Power      Power      Power      Power (Watts)
----------------------------------------------------------------
Sequential             2.70e-04   1.51e-04   1.10e-09   4.21e-04  23.9%
Combinational          6.15e-04   7.25e-04   6.34e-09   1.34e-03  76.1%
Macro                  0.00e+00   0.00e+00   0.00e+00   0.00e+00   0.0%
Pad                    0.00e+00   0.00e+00   0.00e+00   0.00e+00   0.0%
----------------------------------------------------------------
Total                  8.85e-04   8.76e-04   7.44e-09   1.76e-03 100.0%
                          50.3%      49.7%       0.0%

======================= Slowest Corner ===================================

Group                  Internal  Switching    Leakage      Total
                          Power      Power      Power      Power (Watts)
----------------------------------------------------------------
Sequential             1.85e-04   1.00e-04   1.08e-06   2.86e-04  23.3%
Combinational          4.58e-04   4.79e-04   2.87e-06   9.40e-04  76.7%
Macro                  0.00e+00   0.00e+00   0.00e+00   0.00e+00   0.0%
Pad                    0.00e+00   0.00e+00   0.00e+00   0.00e+00   0.0%
----------------------------------------------------------------
Total                  6.42e-04   5.79e-04   3.95e-06   1.23e-03 100.0%
                          52.4%      47.3%       0.3%

======================= Typical Corner ===================================

Group                  Internal  Switching    Leakage      Total
                          Power      Power      Power      Power (Watts)
----------------------------------------------------------------
Sequential             2.34e-04   1.27e-04   6.16e-10   3.61e-04  23.6%
Combinational          5.57e-04   6.12e-04   3.11e-09   1.17e-03  76.4%
Macro                  0.00e+00   0.00e+00   0.00e+00   0.00e+00   0.0%
Pad                    0.00e+00   0.00e+00   0.00e+00   0.00e+00   0.0%
----------------------------------------------------------------
Total                  7.91e-04   7.39e-04   3.73e-09   1.53e-03 100.0%
                          51.7%      48.3%       0.0%

